[xiaoshenbike.fandom.com/zh-tw.0.delayed]
[xiaoshenbike.fandom.com/zh-tw/wiki/硝神_Wiki.html]
[backblue.gif]
[fade.gif]
[index.html]
[xiaoshenbike.fandom.com/zh-tw/wiki/ext.fandom.FacebookTags.js]
[xiaoshenbike.fandom.com/zh-tw/wiki/Ext.fandom.FacebookTags.js]
[xiaoshenbike.fandom.com/zh-tw/wiki/ext.fandom.ae.babTracking.js]
[xiaoshenbike.fandom.com/zh-tw/wiki/Ext.fandom.ae.babTracking.js]
[xiaoshenbike.fandom.com/zh-tw/wiki/ext.fandom.ae.consentQueue.js]
[xiaoshenbike.fandom.com/zh-tw/wiki/Ext.fandom.ae.consentQueue.js]
[xiaoshenbike.fandom.com/zh-tw/wiki/ext.fandom.AnalyticsEngine.comscore.js]
[xiaoshenbike.fandom.com/zh-tw/wiki/Ext.fandom.AnalyticsEngine.comscore.js]
[xiaoshenbike.fandom.com/zh-tw/wiki/ext.fandom.AnalyticsEngine.quantcast.js]
[xiaoshenbike.fandom.com/zh-tw/wiki/Ext.fandom.AnalyticsEngine.quantcast.js]
[xiaoshenbike.fandom.com/zh-tw/wiki/ext.categorySelect.css]
[xiaoshenbike.fandom.com/zh-tw/wiki/Ext.categorySelect.css]
[xiaoshenbike.fandom.com/zh-tw/wiki/ext.categorySelect.js]
[xiaoshenbike.fandom.com/zh-tw/wiki/Ext.categorySelect.js]
[xiaoshenbike.fandom.com/zh-tw/wiki/ext.fandom.bannerNotifications.js]
[xiaoshenbike.fandom.com/zh-tw/wiki/Ext.fandom.bannerNotifications.js]
[xiaoshenbike.fandom.com/zh-tw/wiki/ext.fandom.DesignSystem.js]
[xiaoshenbike.fandom.com/zh-tw/wiki/Ext.fandom.DesignSystem.js]
[xiaoshenbike.fandom.com/zh-tw/wiki/ext.fandom.DesignSystem.CommunityHeader.js]
[xiaoshenbike.fandom.com/zh-tw/wiki/Ext.fandom.DesignSystem.CommunityHeader.js]
[xiaoshenbike.fandom.com/zh-tw/wiki/ext.fandom.HeartbeatTracking.js]
[xiaoshenbike.fandom.com/zh-tw/wiki/Ext.fandom.HeartbeatTracking.js]
[xiaoshenbike.fandom.com/zh-tw/wiki/ext.fandom.Track.pageview.js]
[xiaoshenbike.fandom.com/zh-tw/wiki/Ext.fandom.Track.pageview.js]
[xiaoshenbike.fandom.com/zh-tw/wiki/ext.fandom.wikiaBar.css]
[xiaoshenbike.fandom.com/zh-tw/wiki/Ext.fandom.wikiaBar.css]
[xiaoshenbike.fandom.com/zh-tw/wiki/ext.fandom.wikiaBar.js]
[xiaoshenbike.fandom.com/zh-tw/wiki/Ext.fandom.wikiaBar.js]
[xiaoshenbike.fandom.com/zh-tw/wiki/ext.fandom.ContentReview.legacyLoaders.js]
[xiaoshenbike.fandom.com/zh-tw/wiki/Ext.fandom.ContentReview.legacyLoaders.js]
[xiaoshenbike.fandom.com/zh-tw/wiki/ext.fandom.ContentReview.jsReload.js]
[xiaoshenbike.fandom.com/zh-tw/wiki/Ext.fandom.ContentReview.jsReload.js]
[xiaoshenbike.fandom.com/zh-tw/wiki/ext.fandom.SeoRedlinks.anchors.js]
[xiaoshenbike.fandom.com/zh-tw/wiki/Ext.fandom.SeoRedlinks.anchors.js]
[xiaoshenbike.fandom.com/zh-tw/wiki/ext.fandom.CreatePage.js]
[xiaoshenbike.fandom.com/zh-tw/wiki/Ext.fandom.CreatePage.js]
[xiaoshenbike.fandom.com/zh-tw/wiki/ext.fandom.TimeAgoMessaging.js]
[xiaoshenbike.fandom.com/zh-tw/wiki/Ext.fandom.TimeAgoMessaging.js]
[xiaoshenbike.fandom.com/zh-tw/wiki/ext.fandom.VisitSource.js]
[xiaoshenbike.fandom.com/zh-tw/wiki/Ext.fandom.VisitSource.js]
[xiaoshenbike.fandom.com/zh-tw/wiki/ext.fandom.Thumbnails.js]
[xiaoshenbike.fandom.com/zh-tw/wiki/Ext.fandom.Thumbnails.js]
[xiaoshenbike.fandom.com/zh-tw/wiki/skin.oasis.FanFeed.js]
[xiaoshenbike.fandom.com/zh-tw/wiki/Skin.oasis.FanFeed.js]
[xiaoshenbike.fandom.com/zh-tw/wiki/skin.oasis.pageheader.Share.js]
[xiaoshenbike.fandom.com/zh-tw/wiki/Skin.oasis.pageheader.Share.js]
[xiaoshenbike.fandom.com/zh-tw/wiki/ext.fandom.WikiaInYourLang.js]
[xiaoshenbike.fandom.com/zh-tw/wiki/Ext.fandom.WikiaInYourLang.js]
[xiaoshenbike.fandom.com/zh-tw/wiki/ext.fandom.performanceMonitoring.js]
[xiaoshenbike.fandom.com/zh-tw/wiki/Ext.fandom.performanceMonitoring.js]
[xiaoshenbike.fandom.com/zh-tw/load2672.css]
[xiaoshenbike.fandom.com/zh-tw/loadc924.php]
[static.wikia.nocookie.net/fandom-ae-assets/platforms/v81.7.1/ucp/styles.css]
[xiaoshenbike.fandom.com/zh-tw/load1457.css]
[xiaoshenbike.fandom.com/zh-tw/opensearch_desc.php]
[xiaoshenbike.fandom.com/zh-tw/api-result251f.xml]
[xiaoshenbike.fandom.com/zh-tw/wiki/特殊_近期變動6e0a]
[xiaoshenbike.fandom.com/zh-tw/feeda295.xml]
[xiaoshenbike.fandom.com/zh-tw/wiki/硝神_Wiki]
[xiaoshenbike.fandom.com/zh-tw/wiki/硝神_Wiki.3d.delayed]
[xiaoshenbike.fandom.com/zh-tw/wiki/特殊_CreatePage]
[static.wikia.nocookie.net/fandom-ae-assets/platforms/v81.7.1/ucp/main.bundle.js]
[xiaoshenbike.fandom.com/zh-tw/wiki/硝神_Wiki]
[xiaoshenbike.fandom.com/zh-tw/wiki/Oldwikirecovery/陈子龙]
[xiaoshenbike.fandom.com/zh-tw/wiki/Oldwikirecovery/陈子龙.html]
[xiaoshenbike.fandom.com/zh-tw/wiki/浅轻.43.delayed]
[xiaoshenbike.fandom.com/zh-tw/wiki/浅轻.html]
[xiaoshenbike.fandom.com/zh-tw/wiki/Oldwikirecovery/陈子龙语录]
[xiaoshenbike.fandom.com/zh-tw/wiki/Oldwikirecovery/陈子龙语录.html]
[xiaoshenbike.fandom.com/zh-tw/wiki/陈子龙语录]
[xiaoshenbike.fandom.com/zh-tw/wiki/三公]
[xiaoshenbike.fandom.com/zh-tw/wiki/三公.html]
[xiaoshenbike.fandom.com/zh-tw/wiki/浅神阁]
[xiaoshenbike.fandom.com/zh-tw/wiki/浅神阁.html]
[xiaoshenbike.fandom.com/zh-tw/wiki/Blog_Recent_posts.html]
[xiaoshenbike.fandom.com/zh-tw/wiki/分類_檔案連結損壞的頁面]
[xiaoshenbike.fandom.com/zh-tw/wiki/分類_檔案連結損壞的頁面.html]
[xiaoshenbike.fandom.com/zh-tw/wiki/硝神_Wiki]
[xiaoshenbike.fandom.com/zh-tw/wiki/Oldwikirecovery/高翔]
[xiaoshenbike.fandom.com/zh-tw/wiki/Oldwikirecovery/高翔.html]
[xiaoshenbike.fandom.com/zh-tw/wiki/模板_信息]
[xiaoshenbike.fandom.com/zh-tw/wiki/模板_Featured]
[xiaoshenbike.fandom.com/zh-tw/wiki/模板_信息.html]
[xiaoshenbike.fandom.com/zh-tw/wiki/模板_Featured.html]
[xiaoshenbike.fandom.com/zh-tw/wiki/模板_Speedup]
[xiaoshenbike.fandom.com/zh-tw/wiki/模板_Speedup.html]
[xiaoshenbike.fandom.com/zh-tw/wiki/秦凯健]
[xiaoshenbike.fandom.com/zh-tw/wiki/分類_文档管理模板]
[xiaoshenbike.fandom.com/zh-tw/wiki/秦凯健.html]
[xiaoshenbike.fandom.com/zh-tw/wiki/分類_文档管理模板.html]
[xiaoshenbike.fandom.com/zh-tw/wiki/模板_信息框]
[xiaoshenbike.fandom.com/zh-tw/wiki/模板_信息框.html]
[xiaoshenbike.fandom.com/zh-tw/wiki/硝神_Wiki_Community_Portal]
[xiaoshenbike.fandom.com/zh-tw/wiki/硝神_Wiki_Community_Portal]
[xiaoshenbike.fandom.com/zh-tw/wiki/使用說明_Contents]
[xiaoshenbike.fandom.com/zh-tw/wiki/特殊_RecentChanges.61.delayed]
[xiaoshenbike.fandom.com/zh-tw/wiki/特殊_Random]
[xiaoshenbike.fandom.com/zh-tw/wiki/特殊_近期變動.html]
[xiaoshenbike.fandom.com/zh-tw/wiki/特殊_隨機頁面]
[xiaoshenbike.fandom.com/zh-tw/wiki/特殊_Community]
[xiaoshenbike.fandom.com/zh-tw/wiki/特殊_NewFiles7ec1]
[xiaoshenbike.fandom.com/zh-tw/wiki/特殊_社區.html]
[xiaoshenbike.fandom.com/zh-tw/wiki/特殊_NewFiles]
[xiaoshenbike.fandom.com/zh-tw/wiki/特殊_新增檔案7ec1.html]
[xiaoshenbike.fandom.com/zh-tw/wiki/特殊_新增檔案.html]
[xiaoshenbike.fandom.com/zh-tw/f.html]
[xiaoshenbike.fandom.com/zh-tw/wiki/硝神_Wiki264b.html]
[xiaoshenbike.fandom.com/zh-tw/wiki/硝神_Wikid9df.html]
[xiaoshenbike.fandom.com/zh-tw/wiki/討論_硝神_Wiki78bb]
[xiaoshenbike.fandom.com/zh-tw/wiki/討論_硝神_Wiki]
[xiaoshenbike.fandom.com/zh-tw/wiki/特殊_統計資訊]
[xiaoshenbike.fandom.com/zh-tw/wiki/特殊_統計資訊.html]
[xiaoshenbike.fandom.com/zh-tw/wiki/特殊_上傳f6af.html]
[xiaoshenbike.fandom.com/zh-tw/wiki/特殊_上傳465c.html]
[xiaoshenbike.fandom.com/zh-tw/wiki/特殊_建立帳號]
[xiaoshenbike.fandom.com/zh-tw/wiki/特殊_UserSignup2e48]
[xiaoshenbike.fandom.com/zh-tw/wiki/陈文亮]
[xiaoshenbike.fandom.com/zh-tw/wiki/特殊_檔案路徑/Good.png]
[xiaoshenbike.fandom.com/zh-tw/wiki/杜晓慧]
[xiaoshenbike.fandom.com/zh-tw/wiki/杜晓慧.html]
[xiaoshenbike.fandom.com/zh-tw/wiki/特殊_上傳7631.html]
[xiaoshenbike.fandom.com/zh-tw/wiki/特殊_上傳a9b3.html]
[xiaoshenbike.fandom.com/zh-tw/wiki/特殊_上傳d05a.html]
[xiaoshenbike.fandom.com/zh-tw/wiki/特殊_上傳65f4.html]
[xiaoshenbike.fandom.com/zh-tw/wiki/特殊_上傳2d35.html]
[xiaoshenbike.fandom.com/zh-tw/wiki/特殊_上傳acb1.html]
[xiaoshenbike.fandom.com/zh-tw/wiki/特殊_上傳c645.html]
[xiaoshenbike.fandom.com/zh-tw/wiki/特殊_上傳ee41.html]
[xiaoshenbike.fandom.com/zh-tw/wiki/特殊_上傳381d.html]
[xiaoshenbike.fandom.com/zh-tw/wiki/特殊_上傳4153.html]
[xiaoshenbike.fandom.com/zh-tw/wiki/特殊_上傳8c0f.html]
[xiaoshenbike.fandom.com/zh-tw/wiki/特殊_上傳8f85.html]
[xiaoshenbike.fandom.com/zh-tw/wiki/特殊_上傳dd3d.html]
[xiaoshenbike.fandom.com/zh-tw/wiki/陈子龙]
[xiaoshenbike.fandom.com/zh-tw/wiki/高翔]
[xiaoshenbike.fandom.com/zh-tw/wiki/陈宇欣]
[xiaoshenbike.fandom.com/zh-tw/wiki/陈宇欣.html]
[xiaoshenbike.fandom.com/zh-tw/wiki/特殊_上傳985e.html]
[xiaoshenbike.fandom.com/zh-tw/wiki/硝神_Wiki903c]
[xiaoshenbike.fandom.com/zh-tw/wiki/硝神_Wiki903c.html]
[xiaoshenbike.fandom.com/zh-tw/wiki/特殊_分類]
[xiaoshenbike.fandom.com/zh-tw/wiki/特殊_分類.html]
[xiaoshenbike.fandom.com/zh-tw/wiki/浅神阁/透明消息公示]
[xiaoshenbike.fandom.com/zh-tw/wiki/硝神_Wiki.html]
[xiaoshenbike.fandom.com/zh-tw/wiki/Ext.fandom.FacebookTags.html]
[xiaoshenbike.fandom.com/zh-tw/wiki/Ext.fandom.ae.babTracking.html]
[xiaoshenbike.fandom.com/zh-tw/wiki/Ext.fandom.ae.consentQueue.html]
[xiaoshenbike.fandom.com/zh-tw/wiki/Ext.fandom.AnalyticsEngine.comscore.html]
[xiaoshenbike.fandom.com/zh-tw/wiki/Ext.fandom.AnalyticsEngine.quantcast.html]
[xiaoshenbike.fandom.com/zh-tw/wiki/Ext.categorySelect.html]
[xiaoshenbike.fandom.com/zh-tw/wiki/Ext.categorySelect-2.html]
[xiaoshenbike.fandom.com/zh-tw/wiki/Ext.fandom.bannerNotifications.html]
[xiaoshenbike.fandom.com/zh-tw/wiki/Ext.fandom.DesignSystem.html]
[xiaoshenbike.fandom.com/zh-tw/wiki/Ext.fandom.DesignSystem.CommunityHeader.html]
[xiaoshenbike.fandom.com/zh-tw/wiki/Ext.fandom.HeartbeatTracking.html]
[xiaoshenbike.fandom.com/zh-tw/wiki/Ext.fandom.Track.pageview.html]
[xiaoshenbike.fandom.com/zh-tw/wiki/Ext.fandom.wikiaBar.html]
[xiaoshenbike.fandom.com/zh-tw/wiki/Ext.fandom.wikiaBar-2.html]
[xiaoshenbike.fandom.com/zh-tw/wiki/Ext.fandom.ContentReview.legacyLoaders.html]
[xiaoshenbike.fandom.com/zh-tw/wiki/Ext.fandom.ContentReview.jsReload.html]
[xiaoshenbike.fandom.com/zh-tw/wiki/Ext.fandom.SeoRedlinks.anchors.html]
[xiaoshenbike.fandom.com/zh-tw/wiki/Ext.fandom.CreatePage.html]
[xiaoshenbike.fandom.com/zh-tw/wiki/Ext.fandom.TimeAgoMessaging.html]
[xiaoshenbike.fandom.com/zh-tw/wiki/Ext.fandom.VisitSource.html]
[xiaoshenbike.fandom.com/zh-tw/wiki/Ext.fandom.Thumbnails.html]
[xiaoshenbike.fandom.com/zh-tw/wiki/Skin.oasis.FanFeed.html]
[xiaoshenbike.fandom.com/zh-tw/wiki/Skin.oasis.pageheader.Share.html]
[xiaoshenbike.fandom.com/zh-tw/wiki/Ext.fandom.WikiaInYourLang.html]
[xiaoshenbike.fandom.com/zh-tw/wiki/Ext.fandom.performanceMonitoring.html]
[xiaoshenbike.fandom.com/zh-tw/wiki/Local_Sitemap.html]
[xiaoshenbike.fandom.com/resources-ucp/resources/src/mediawiki.legacy/images/ajax-loader7a66.gif]
[xiaoshenbike.fandom.com/resources-ucp/resources/src/mediawiki.legacy/images/spinnerc0b8.gif]
[xiaoshenbike.fandom.com/zh-tw/load2672.css]
[static.wikia.nocookie.net/fandom-ae-assets/platforms/v81.7.1/ucp/styles.css]
[xiaoshenbike.fandom.com/zh-tw/load1457.css]
[xiaoshenbike.fandom.com/zh-tw/wiki/Oldwikirecovery/ext.fandom.FacebookTags.js]
[xiaoshenbike.fandom.com/zh-tw/wiki/Oldwikirecovery/ext.fandom.ae.babTracking.js]
[xiaoshenbike.fandom.com/zh-tw/wiki/Oldwikirecovery/ext.fandom.ae.consentQueue.js]
[xiaoshenbike.fandom.com/zh-tw/wiki/Oldwikirecovery/ext.fandom.AnalyticsEngine.comscore.js]
[xiaoshenbike.fandom.com/zh-tw/wiki/Oldwikirecovery/ext.fandom.AnalyticsEngine.quantcast.js]
[xiaoshenbike.fandom.com/zh-tw/wiki/Oldwikirecovery/ext.fandom.AffiliateService.js]
[xiaoshenbike.fandom.com/zh-tw/wiki/Oldwikirecovery/ext.categorySelect.css]
[xiaoshenbike.fandom.com/zh-tw/wiki/Oldwikirecovery/ext.categorySelect.js]
[xiaoshenbike.fandom.com/zh-tw/wiki/Oldwikirecovery/ext.fandom.bannerNotifications.js]
[xiaoshenbike.fandom.com/zh-tw/wiki/Oldwikirecovery/ext.fandom.DesignSystem.js]
[xiaoshenbike.fandom.com/zh-tw/wiki/Oldwikirecovery/ext.fandom.DesignSystem.CommunityHeader.js]
[xiaoshenbike.fandom.com/zh-tw/wiki/Oldwikirecovery/ext.fandom.HeartbeatTracking.js]
[xiaoshenbike.fandom.com/zh-tw/wiki/Oldwikirecovery/ext.fandom.Track.pageview.js]
[xiaoshenbike.fandom.com/zh-tw/wiki/Oldwikirecovery/ext.fandom.wikiaBar.css]
[xiaoshenbike.fandom.com/zh-tw/wiki/Oldwikirecovery/ext.fandom.wikiaBar.js]
[xiaoshenbike.fandom.com/zh-tw/wiki/Oldwikirecovery/ext.fandom.ContentReview.legacyLoaders.js]
[xiaoshenbike.fandom.com/zh-tw/wiki/Oldwikirecovery/ext.fandom.ContentReview.jsReload.js]
[xiaoshenbike.fandom.com/zh-tw/wiki/Oldwikirecovery/ext.fandom.SeoRedlinks.anchors.js]
[xiaoshenbike.fandom.com/zh-tw/wiki/Oldwikirecovery/ext.fandom.CreatePage.js]
[xiaoshenbike.fandom.com/zh-tw/wiki/Oldwikirecovery/ext.fandom.CreatePageOpenDialog.js]
[xiaoshenbike.fandom.com/zh-tw/wiki/Oldwikirecovery/ext.fandom.TimeAgoMessaging.js]
[xiaoshenbike.fandom.com/zh-tw/wiki/Oldwikirecovery/ext.fandom.VisitSource.js]
[xiaoshenbike.fandom.com/zh-tw/wiki/Oldwikirecovery/ext.fandom.Thumbnails.js]
[xiaoshenbike.fandom.com/zh-tw/wiki/Oldwikirecovery/skin.oasis.FanFeed.js]
[xiaoshenbike.fandom.com/zh-tw/wiki/Oldwikirecovery/skin.oasis.pageheader.Share.js]
[xiaoshenbike.fandom.com/zh-tw/wiki/Oldwikirecovery/ext.fandom.WikiaInYourLang.js]
[xiaoshenbike.fandom.com/zh-tw/wiki/Oldwikirecovery/ext.fandom.performanceMonitoring.js]
[xiaoshenbike.fandom.com/zh-tw/wiki/Oldwikirecovery/skin.oasis.lazyRail.js]
[xiaoshenbike.fandom.com/zh-tw/loadb9bf.css]
[xiaoshenbike.fandom.com/zh-tw/wiki/特殊_CreatePage.b3.delayed]
[xiaoshenbike.fandom.com/zh-tw/wiki/硝神_Wiki]
[xiaoshenbike.fandom.com/zh-tw/wiki/陈子龙语录]
[xiaoshenbike.fandom.com/zh-tw/wiki/硝神_Wiki]
[xiaoshenbike.fandom.com/zh-tw/wiki/使用說明_Contents]
[xiaoshenbike.fandom.com/zh-tw/wiki/特殊_Random.b8.delayed]
[xiaoshenbike.fandom.com/zh-tw/wiki/特殊_隨機頁面]
[xiaoshenbike.fandom.com/zh-tw/wiki/王嘉豪.html]
[xiaoshenbike.fandom.com/zh-tw/wiki/Oldwikirecovery.html]
[xiaoshenbike.fandom.com/zh-tw/wiki/Oldwikirecovery/陈子龙264b.html]
[xiaoshenbike.fandom.com/zh-tw/wiki/討論_Oldwikirecovery/陈子龙78bb]
[xiaoshenbike.fandom.com/zh-tw/wiki/Oldwikirecovery/陈子龙d9df.html]
[xiaoshenbike.fandom.com/zh-tw/wiki/陈子龙语录]
[xiaoshenbike.fandom.com/zh-tw/wiki/特殊_上傳5537.html]
[xiaoshenbike.fandom.com/zh-tw/wiki/特殊_上傳f3ab.html]
[xiaoshenbike.fandom.com/zh-tw/wiki/特殊_上傳bb86.html]
[xiaoshenbike.fandom.com/zh-tw/wiki/特殊_上傳c163.html]
[xiaoshenbike.fandom.com/zh-tw/wiki/特殊_上傳8d20.html]
[xiaoshenbike.fandom.com/zh-tw/wiki/特殊_上傳fc6c.html]
[xiaoshenbike.fandom.com/zh-tw/wiki/特殊_上傳44b2.html]
[xiaoshenbike.fandom.com/zh-tw/wiki/特殊_上傳4d77.html]
[xiaoshenbike.fandom.com/zh-tw/wiki/特殊_上傳31bd.html]
[xiaoshenbike.fandom.com/zh-tw/wiki/特殊_上傳9215.html]
[xiaoshenbike.fandom.com/zh-tw/wiki/Oldwikirecovery/陈子龙a64b]
[xiaoshenbike.fandom.com/zh-tw/wiki/Oldwikirecovery/陈子龙.html]
[xiaoshenbike.fandom.com/zh-tw/wiki/Oldwikirecovery/陈子龙a64b.html]
[xiaoshenbike.fandom.com/zh-tw/wiki/ext.fandom.AffiliateService.js]
[xiaoshenbike.fandom.com/zh-tw/wiki/Ext.fandom.AffiliateService.js]
[xiaoshenbike.fandom.com/zh-tw/wiki/ext.fandom.CreatePageOpenDialog.js]
[xiaoshenbike.fandom.com/zh-tw/wiki/Ext.fandom.CreatePageOpenDialog.js]
[xiaoshenbike.fandom.com/zh-tw/wiki/skin.oasis.lazyRail.js]
[xiaoshenbike.fandom.com/zh-tw/wiki/Skin.oasis.lazyRail.js]
[xiaoshenbike.fandom.com/zh-tw/load5deb.css]
[xiaoshenbike.fandom.com/zh-tw/wiki/硝神_Wiki]
[xiaoshenbike.fandom.com/zh-tw/wiki/陈子龙语录]
[xiaoshenbike.fandom.com/zh-tw/wiki/硝神_Wiki]
[xiaoshenbike.fandom.com/zh-tw/wiki/使用說明_Contents]
[xiaoshenbike.fandom.com/zh-tw/wiki/浅轻264b.html]
[xiaoshenbike.fandom.com/zh-tw/wiki/浅轻d9df.html]
[xiaoshenbike.fandom.com/zh-tw/wiki/討論_浅轻78bb]
[xiaoshenbike.fandom.com/zh-tw/wiki/討論_浅轻]
[xiaoshenbike.fandom.com/zh-tw/wiki/特殊_上傳6ea8.html]
[xiaoshenbike.fandom.com/zh-tw/wiki/陈子龙]
[xiaoshenbike.fandom.com/zh-tw/wiki/特殊_上傳f00e.html]
[xiaoshenbike.fandom.com/zh-tw/wiki/特殊_上傳d1f8.html]
[xiaoshenbike.fandom.com/zh-tw/wiki/李威]
[xiaoshenbike.fandom.com/zh-tw/wiki/李威.html]
[xiaoshenbike.fandom.com/zh-tw/wiki/特殊_上傳14a0.html]
[xiaoshenbike.fandom.com/zh-tw/wiki/使用者_Xiaoshenbike.e3.delayed]
[xiaoshenbike.fandom.com/zh-tw/wiki/使用者_Xiaoshenbike.html]
[xiaoshenbike.fandom.com/zh-tw/wiki/特殊_上傳642d.html]
[xiaoshenbike.fandom.com/zh-tw/wiki/浅神阁/管理员开示]
[xiaoshenbike.fandom.com/zh-tw/wiki/浅神阁/管理员开示.html]
[xiaoshenbike.fandom.com/zh-tw/wiki/特殊_上傳b78f.html]
[xiaoshenbike.fandom.com/zh-tw/wiki/特殊_上傳42e3.html]
[xiaoshenbike.fandom.com/zh-tw/wiki/特殊_上傳f50e.html]
[xiaoshenbike.fandom.com/zh-tw/wiki/特殊_上傳3cf6.html]
[xiaoshenbike.fandom.com/zh-tw/wiki/浅轻/较有争议的内容]
[xiaoshenbike.fandom.com/zh-tw/wiki/浅轻/世说新语]
[xiaoshenbike.fandom.com/zh-tw/wiki/浅轻/世说新语.html]
[xiaoshenbike.fandom.com/zh-tw/wiki/浅轻1a26]
[xiaoshenbike.fandom.com/zh-tw/wiki/浅轻.html]
[xiaoshenbike.fandom.com/zh-tw/wiki/硝神_Wiki]
[xiaoshenbike.fandom.com/zh-tw/wiki/浅轻1a26.html]
[xiaoshenbike.fandom.com/zh-tw/wiki/陈子龙语录]
[xiaoshenbike.fandom.com/zh-tw/wiki/硝神_Wiki]
[xiaoshenbike.fandom.com/zh-tw/wiki/使用說明_Contents]
[xiaoshenbike.fandom.com/zh-tw/wiki/Oldwikirecovery/陈子龙语录264b.html]
[xiaoshenbike.fandom.com/zh-tw/wiki/Oldwikirecovery/陈子龙语录d9df.html]
[xiaoshenbike.fandom.com/zh-tw/wiki/討論_Oldwikirecovery/陈子龙语录78bb]
[xiaoshenbike.fandom.com/zh-tw/wiki/討論_Oldwikirecovery/陈子龙语录]
[xiaoshenbike.fandom.com/zh-tw/wiki/特殊_上傳8a98.html]
[xiaoshenbike.fandom.com/zh-tw/wiki/特殊_過長的頁面]
[xiaoshenbike.fandom.com/zh-tw/wiki/特殊_過長的頁面.html]
[xiaoshenbike.fandom.com/zh-tw/wiki/陈子龙]
[xiaoshenbike.fandom.com/zh-tw/wiki/高翔]
[xiaoshenbike.fandom.com/zh-tw/wiki/高翔]
[xiaoshenbike.fandom.com/zh-tw/wiki/陈子龙]
[xiaoshenbike.fandom.com/zh-tw/wiki/高翔]
[xiaoshenbike.fandom.com/zh-tw/wiki/陈子龙]
[xiaoshenbike.fandom.com/zh-tw/wiki/陈子龙]
[xiaoshenbike.fandom.com/zh-tw/wiki/高翔]
[xiaoshenbike.fandom.com/zh-tw/wiki/陈子龙]
[xiaoshenbike.fandom.com/zh-tw/wiki/高翔]
[xiaoshenbike.fandom.com/zh-tw/wiki/Oldwikirecovery/陈子龙语录4fff]
[xiaoshenbike.fandom.com/zh-tw/wiki/Oldwikirecovery/陈子龙语录.html]
[xiaoshenbike.fandom.com/zh-tw/wiki/Oldwikirecovery/陈子龙语录4fff.html]
[xiaoshenbike.fandom.com/zh-tw/wiki/硝神_Wiki]
[xiaoshenbike.fandom.com/zh-tw/load2804.css]
[xiaoshenbike.fandom.com/zh-tw/wiki/陈子龙语录]
[xiaoshenbike.fandom.com/zh-tw/wiki/硝神_Wiki]
[xiaoshenbike.fandom.com/zh-tw/wiki/使用說明_Contents]
[xiaoshenbike.fandom.com/zh-tw/wiki/三公264b.html]
[xiaoshenbike.fandom.com/zh-tw/wiki/三公d9df.html]
[xiaoshenbike.fandom.com/zh-tw/wiki/討論_三公78bb]
[xiaoshenbike.fandom.com/zh-tw/wiki/討論_三公]
[xiaoshenbike.fandom.com/zh-tw/wiki/三公7110]
[xiaoshenbike.fandom.com/zh-tw/wiki/三公.html]
[xiaoshenbike.fandom.com/zh-tw/wiki/三公7110.html]
[xiaoshenbike.fandom.com/zh-tw/wiki/硝神_Wiki]
[xiaoshenbike.fandom.com/zh-tw/wiki/陈子龙语录]
[xiaoshenbike.fandom.com/zh-tw/wiki/硝神_Wiki]
[xiaoshenbike.fandom.com/zh-tw/wiki/使用說明_Contents]
[xiaoshenbike.fandom.com/zh-tw/wiki/浅神阁264b.html]
[xiaoshenbike.fandom.com/zh-tw/wiki/浅神阁d9df.html]
[xiaoshenbike.fandom.com/zh-tw/wiki/討論_浅神阁78bb]
[xiaoshenbike.fandom.com/zh-tw/wiki/討論_浅神阁]
[xiaoshenbike.fandom.com/zh-tw/wiki/Warning.jpg]
[xiaoshenbike.fandom.com/zh-tw/wiki/檔案_QQ图片20210216131104.jpg]
[xiaoshenbike.fandom.com/zh-tw/wiki/硝神_Wiki9ac5.html]
[xiaoshenbike.fandom.com/zh-tw/wiki/浅神阁ee95]
[xiaoshenbike.fandom.com/zh-tw/wiki/浅神阁.html]
[xiaoshenbike.fandom.com/zh-tw/wiki/浅神阁ee95.html]
[xiaoshenbike.fandom.com/zh-tw/wiki/ext.fandom.Blogs.js]
[xiaoshenbike.fandom.com/zh-tw/wiki/Ext.fandom.Blogs.js]
[xiaoshenbike.fandom.com/zh-tw/loadf946.css]
[xiaoshenbike.fandom.com/zh-tw/wiki/硝神_Wiki]
[xiaoshenbike.fandom.com/zh-tw/wiki/陈子龙语录]
[xiaoshenbike.fandom.com/zh-tw/wiki/硝神_Wiki]
[xiaoshenbike.fandom.com/zh-tw/wiki/使用說明_Contents]
[xiaoshenbike.fandom.com/zh-tw/wiki/分類_BlogListingPage]
[xiaoshenbike.fandom.com/zh-tw/wiki/分類_BlogListingPage.html]
[xiaoshenbike.fandom.com/zh-tw/wiki/Blog_Recent_posts.html]
[xiaoshenbike.fandom.com/zh-tw/wiki/Blog_Recent_posts9410.html]
[xiaoshenbike.fandom.com/zh-tw/wiki/分類_檔案連結損壞的頁面.html]
[xiaoshenbike.fandom.com/zh-tw/loadca51.css]
[xiaoshenbike.fandom.com/zh-tw/wiki/硝神_Wiki]
[xiaoshenbike.fandom.com/zh-tw/wiki/陈子龙语录]
[xiaoshenbike.fandom.com/zh-tw/wiki/硝神_Wiki]
[xiaoshenbike.fandom.com/zh-tw/wiki/使用說明_Contents]
[xiaoshenbike.fandom.com/zh-tw/wiki/Oldwikirecovery/高翔264b.html]
[xiaoshenbike.fandom.com/zh-tw/wiki/討論_Oldwikirecovery/高翔78bb]
[xiaoshenbike.fandom.com/zh-tw/wiki/Oldwikirecovery/高翔d9df.html]
[xiaoshenbike.fandom.com/zh-tw/wiki/討論_Oldwikirecovery/高翔]
[xiaoshenbike.fandom.com/zh-tw/wiki/陈子龙]
[xiaoshenbike.fandom.com/zh-tw/wiki/特殊_上傳b302.html]
[xiaoshenbike.fandom.com/zh-tw/wiki/特殊_上傳9995.html]
[xiaoshenbike.fandom.com/zh-tw/wiki/特殊_上傳51db.html]
[xiaoshenbike.fandom.com/zh-tw/wiki/特殊_上傳9f79.html]
[xiaoshenbike.fandom.com/zh-tw/wiki/特殊_上傳97dd.html]
[xiaoshenbike.fandom.com/zh-tw/wiki/特殊_上傳cefb.html]
[xiaoshenbike.fandom.com/zh-tw/wiki/特殊_上傳d998.html]
[xiaoshenbike.fandom.com/zh-tw/wiki/特殊_上傳88c2.html]
[xiaoshenbike.fandom.com/zh-tw/wiki/特殊_上傳c981.html]
[xiaoshenbike.fandom.com/zh-tw/wiki/特殊_上傳efaf.html]
[xiaoshenbike.fandom.com/zh-tw/wiki/Oldwikirecovery/高翔0ae8]
[xiaoshenbike.fandom.com/zh-tw/wiki/Oldwikirecovery/高翔.html]
[xiaoshenbike.fandom.com/zh-tw/wiki/Oldwikirecovery/高翔0ae8.html]
[xiaoshenbike.fandom.com/zh-tw/wiki/模板_信息.html]
[xiaoshenbike.fandom.com/zh-tw/wiki/模板_Featured.html]
[xiaoshenbike.fandom.com/zh-tw/load17d2.css]
[xiaoshenbike.fandom.com/zh-tw/wiki/模板_Speedup.html]
[xiaoshenbike.fandom.com/zh-tw/load777a.css]
[xiaoshenbike.fandom.com/zh-tw/wiki/硝神_Wiki]
[xiaoshenbike.fandom.com/zh-tw/wiki/陈子龙语录]
[xiaoshenbike.fandom.com/zh-tw/wiki/硝神_Wiki]
[xiaoshenbike.fandom.com/zh-tw/wiki/使用說明_Contents]
[xiaoshenbike.fandom.com/zh-tw/wiki/秦凯健264b.html]
[xiaoshenbike.fandom.com/zh-tw/wiki/討論_秦凯健78bb]
[xiaoshenbike.fandom.com/zh-tw/wiki/秦凯健d9df.html]
[xiaoshenbike.fandom.com/zh-tw/wiki/討論_秦凯健]
[xiaoshenbike.fandom.com/zh-tw/wiki/特殊_上傳a74a.html]
[xiaoshenbike.fandom.com/zh-tw/wiki/特殊_上傳fee7.html]
[xiaoshenbike.fandom.com/zh-tw/wiki/特殊_上傳d61b.html]
[xiaoshenbike.fandom.com/zh-tw/wiki/特殊_上傳e23b.html]
[xiaoshenbike.fandom.com/zh-tw/wiki/特殊_上傳6930.html]
[xiaoshenbike.fandom.com/zh-tw/wiki/秦凯健fbda]
[xiaoshenbike.fandom.com/zh-tw/wiki/秦凯健.html]
[xiaoshenbike.fandom.com/zh-tw/wiki/分類_文档管理模板.html]
[xiaoshenbike.fandom.com/zh-tw/wiki/模板_信息框.html]
[xiaoshenbike.fandom.com/zh-tw/wiki/硝神_Wiki_Community_Portal.html]
[xiaoshenbike.fandom.com/zh-tw/wiki/秦凯健fbda.html]
[xiaoshenbike.fandom.com/zh-tw/wiki/mediawiki.special.changeslist.legend.js]
[xiaoshenbike.fandom.com/zh-tw/wiki/Mediawiki.special.changeslist.legend.js]
[xiaoshenbike.fandom.com/zh-tw/load583e.css]
[static.wikia.nocookie.net/fandom-ae-assets/platforms/v81.7.1/ucp-no-ads/styles.css]
[xiaoshenbike.fandom.com/zh-tw/wiki/特殊_近期變動.html]
[xiaoshenbike.fandom.com/zh-tw/wiki/ext.fandom.communityPage.js]
[xiaoshenbike.fandom.com/zh-tw/wiki/Ext.fandom.communityPage.js]
[xiaoshenbike.fandom.com/zh-tw/loadef5e.css]
[xiaoshenbike.fandom.com/zh-tw/wiki/特殊_社區.html]
[xiaoshenbike.fandom.com/zh-tw/load379c.css]
[xiaoshenbike.fandom.com/zh-tw/wiki/特殊_新增檔案7ec1.html]
[xiaoshenbike.fandom.com/zh-tw/wiki/ext.fandom.photoGallery.gallery.js]
[xiaoshenbike.fandom.com/zh-tw/wiki/Ext.fandom.photoGallery.gallery.js]
[xiaoshenbike.fandom.com/zh-tw/wiki/特殊_新增檔案.html]
[xiaoshenbike.fandom.com/zh-tw/loadbc93.css]
[xiaoshenbike.fandom.com/feeds-and-posts/public/8264a212d/assets/client.css]
[xiaoshenbike.fandom.com/feeds-and-posts/public/styles-themede5ce.css]
[xiaoshenbike.fandom.com/zh-tw/wiki/硝神_Wiki]
[xiaoshenbike.fandom.com/zh-tw/wiki/陈子龙语录]
[xiaoshenbike.fandom.com/zh-tw/wiki/硝神_Wiki]
[xiaoshenbike.fandom.com/zh-tw/wiki/使用說明_Contents]
[xiaoshenbike.fandom.com/zh-tw/wiki/User_FANDOM]
[xiaoshenbike.fandom.com/zh-tw/wiki/使用者_FANDOM.html]
[xiaoshenbike.fandom.com/zh-tw/wiki/User_Xiaoshenbike]
[xiaoshenbike.fandom.com/zh-tw/wiki/User_Esu Bro]
[xiaoshenbike.fandom.com/zh-tw/f.html]
[xiaoshenbike.fandom.com/zh-tw/wiki/使用者_Esu_Bro.html]
[xiaoshenbike.fandom.com/zh-tw/wiki/ext.fandom.phalanx.visualEditor.js]
[xiaoshenbike.fandom.com/feeds-and-posts/public/8264a212d/assets/client.js]
[xiaoshenbike.fandom.com/zh-tw/wiki/Ext.fandom.phalanx.visualEditor.js]
[xiaoshenbike.fandom.com/zh-tw/wiki/ext.portableInfobox.css]
[xiaoshenbike.fandom.com/zh-tw/wiki/Ext.portableInfobox.css]
[xiaoshenbike.fandom.com/zh-tw/wiki/ext.portableInfobox.runtime.css]
[xiaoshenbike.fandom.com/zh-tw/wiki/Ext.portableInfobox.runtime.css]
[xiaoshenbike.fandom.com/zh-tw/wiki/ext.portableInfobox.europaTheme.css]
[xiaoshenbike.fandom.com/zh-tw/wiki/Ext.portableInfobox.europaTheme.css]
[xiaoshenbike.fandom.com/zh-tw/wiki/ext.portableInfobox.europaTheme.runtime.css]
[xiaoshenbike.fandom.com/zh-tw/wiki/Ext.portableInfobox.europaTheme.runtime.css]
[xiaoshenbike.fandom.com/zh-tw/wiki/ext.fandom.visualEditor.js]
[xiaoshenbike.fandom.com/zh-tw/wiki/Ext.fandom.visualEditor.js]
[xiaoshenbike.fandom.com/zh-tw/wiki/ext.fandom.visualEditor.css]
[xiaoshenbike.fandom.com/zh-tw/wiki/Ext.fandom.visualEditor.css]
[xiaoshenbike.fandom.com/zh-tw/wiki/ext.fandom.FandomVisualEditor.runtime.css]
[xiaoshenbike.fandom.com/zh-tw/wiki/Ext.fandom.FandomVisualEditor.runtime.css]
[xiaoshenbike.fandom.com/zh-tw/wiki/硝神_Wiki264b.html]
[xiaoshenbike.fandom.com/zh-tw/load2668.css]
[xiaoshenbike.fandom.com/zh-tw/loada8ea.css]
[xiaoshenbike.fandom.com/zh-tw/wiki/硝神_Wikid9df.html]
[xiaoshenbike.fandom.com/zh-tw/wiki/討論_硝神_Wiki.html]
[xiaoshenbike.fandom.com/zh-tw/wiki/特殊_統計資訊.html]
[xiaoshenbike.fandom.com/zh-tw/loadea43.css]
[xiaoshenbike.fandom.com/zh-tw/wiki/特殊_上傳f6af.html]
[xiaoshenbike.fandom.com/zh-tw/wiki/特殊_上傳465c.html]
[xiaoshenbike.fandom.com/zh-tw/wiki/特殊_檔案路徑/Good.html]
[xiaoshenbike.fandom.com/zh-tw/loadd8bc.css]
[xiaoshenbike.fandom.com/zh-tw/wiki/硝神_Wiki]
[xiaoshenbike.fandom.com/zh-tw/wiki/陈子龙语录]
[xiaoshenbike.fandom.com/zh-tw/wiki/硝神_Wiki]
[xiaoshenbike.fandom.com/zh-tw/wiki/使用說明_Contents]
[xiaoshenbike.fandom.com/zh-tw/wiki/杜晓慧264b.html]
[xiaoshenbike.fandom.com/zh-tw/wiki/杜晓慧d9df.html]
[xiaoshenbike.fandom.com/zh-tw/wiki/討論_杜晓慧78bb]
[xiaoshenbike.fandom.com/zh-tw/wiki/討論_杜晓慧]
[xiaoshenbike.fandom.com/zh-tw/wiki/杜晓慧ac46]
[xiaoshenbike.fandom.com/zh-tw/wiki/杜晓慧.html]
[xiaoshenbike.fandom.com/zh-tw/wiki/特殊_上傳7631.html]
[xiaoshenbike.fandom.com/zh-tw/wiki/特殊_上傳a9b3.html]
[xiaoshenbike.fandom.com/zh-tw/wiki/特殊_上傳d05a.html]
[xiaoshenbike.fandom.com/zh-tw/wiki/特殊_上傳65f4.html]
[xiaoshenbike.fandom.com/zh-tw/wiki/特殊_上傳2d35.html]
[xiaoshenbike.fandom.com/zh-tw/wiki/特殊_上傳acb1.html]
[xiaoshenbike.fandom.com/zh-tw/wiki/特殊_上傳c645.html]
[xiaoshenbike.fandom.com/zh-tw/wiki/特殊_上傳ee41.html]
[xiaoshenbike.fandom.com/zh-tw/wiki/特殊_上傳381d.html]
[xiaoshenbike.fandom.com/zh-tw/wiki/特殊_上傳4153.html]
[xiaoshenbike.fandom.com/zh-tw/wiki/特殊_上傳8c0f.html]
[xiaoshenbike.fandom.com/zh-tw/wiki/特殊_上傳8f85.html]
[xiaoshenbike.fandom.com/zh-tw/wiki/特殊_上傳dd3d.html]
[xiaoshenbike.fandom.com/zh-tw/wiki/杜晓慧ac46.html]
[xiaoshenbike.fandom.com/zh-tw/wiki/硝神_Wiki]
[xiaoshenbike.fandom.com/zh-tw/wiki/陈子龙语录]
[xiaoshenbike.fandom.com/zh-tw/wiki/硝神_Wiki]
[xiaoshenbike.fandom.com/zh-tw/wiki/使用說明_Contents]
[xiaoshenbike.fandom.com/zh-tw/wiki/陈宇欣264b.html]
[xiaoshenbike.fandom.com/zh-tw/wiki/陈宇欣d9df.html]
[xiaoshenbike.fandom.com/zh-tw/wiki/討論_陈宇欣78bb]
[xiaoshenbike.fandom.com/zh-tw/wiki/討論_陈宇欣]
[xiaoshenbike.fandom.com/zh-tw/wiki/陈宇欣0a80]
[xiaoshenbike.fandom.com/zh-tw/wiki/陈宇欣.html]
[xiaoshenbike.fandom.com/zh-tw/wiki/特殊_上傳985e.html]
[xiaoshenbike.fandom.com/zh-tw/wiki/硝神_Wiki903c.html]
[xiaoshenbike.fandom.com/zh-tw/wiki/陈宇欣0a80.html]
[xiaoshenbike.fandom.com/zh-tw/wiki/特殊_分類.html]
[xiaoshenbike.fandom.com/zh-tw/wiki/浅神阁/透明消息公示.html]
[xiaoshenbike.fandom.com/zh-tw/load9ab5.css]
[xiaoshenbike.fandom.com/zh-tw/load4cc7.css]
[xiaoshenbike.fandom.com/zh-tw/wiki/硝神_Wiki]
[xiaoshenbike.fandom.com/zh-tw/wiki/陈子龙语录]
[xiaoshenbike.fandom.com/zh-tw/wiki/硝神_Wiki]
[xiaoshenbike.fandom.com/zh-tw/wiki/使用說明_Contents]
[xiaoshenbike.fandom.com/zh-tw/wiki/Doku_欧煦妍]
[xiaoshenbike.fandom.com/zh-tw/wiki/Oldwikirecovery/别样的碰碰车大战]
[xiaoshenbike.fandom.com/zh-tw/wiki/Doku_欧煦妍.html]
[xiaoshenbike.fandom.com/zh-tw/wiki/Oldwikirecovery/别样的碰碰车大战.html]
[xiaoshenbike.fandom.com/zh-tw/wiki/Oldwikirecovery/我家跨上了信息高速公路]
[xiaoshenbike.fandom.com/zh-tw/wiki/Test.html]
[xiaoshenbike.fandom.com/zh-tw/wiki/Oldwikirecovery/我家跨上了信息高速公路.html]
[xiaoshenbike.fandom.com/zh-tw/wiki/Testwiki_首页.1a7.delayed]
[xiaoshenbike.fandom.com/zh-tw/wiki/Testwiki_首页.html]
[xiaoshenbike.fandom.com/zh-tw/wiki/乐子]
[xiaoshenbike.fandom.com/zh-tw/wiki/乐子.html]
[xiaoshenbike.fandom.com/zh-tw/wiki/姜正行]
[xiaoshenbike.fandom.com/zh-tw/wiki/姜正行.html]
[xiaoshenbike.fandom.com/zh-tw/wiki/小鬼]
[xiaoshenbike.fandom.com/zh-tw/wiki/小鬼.html]
[xiaoshenbike.fandom.com/zh-tw/wiki/文集]
[xiaoshenbike.fandom.com/zh-tw/wiki/文集.html]
[xiaoshenbike.fandom.com/zh-tw/wiki/浅轻/石锤于小贱补档]
[xiaoshenbike.fandom.com/zh-tw/wiki/浅轻/石锤于小贱补档.html]
[xiaoshenbike.fandom.com/zh-tw/wiki/王嘉豪]
[xiaoshenbike.fandom.com/zh-tw/wiki/硝神_Wiki]
[xiaoshenbike.fandom.com/zh-tw/wiki/硝神百科守则]
[xiaoshenbike.fandom.com/zh-tw/wiki/硝神百科守则.html]
[xiaoshenbike.fandom.com/zh-tw/wiki/胡力]
[xiaoshenbike.fandom.com/zh-tw/wiki/胡力.html]
[xiaoshenbike.fandom.com/zh-tw/wiki/茂南执法公检法政]
[xiaoshenbike.fandom.com/zh-tw/wiki/茂南执法公检法政.html]
[xiaoshenbike.fandom.com/zh-tw/wiki/陈子龙内传]
[xiaoshenbike.fandom.com/zh-tw/wiki/Local_Sitemap.html]
[xiaoshenbike.fandom.com/zh-tw/wiki/Oldwikirecovery/ext.fandom.FacebookTags.html]
[xiaoshenbike.fandom.com/zh-tw/wiki/Oldwikirecovery/ext.fandom.ae.babTracking.html]
[xiaoshenbike.fandom.com/zh-tw/wiki/Oldwikirecovery/ext.fandom.ae.consentQueue.html]
[xiaoshenbike.fandom.com/zh-tw/wiki/Oldwikirecovery/ext.fandom.AnalyticsEngine.comscore.html]
[xiaoshenbike.fandom.com/zh-tw/wiki/Oldwikirecovery/ext.fandom.AnalyticsEngine.quantcast.html]
[xiaoshenbike.fandom.com/zh-tw/wiki/Oldwikirecovery/ext.fandom.AffiliateService.html]
[xiaoshenbike.fandom.com/zh-tw/wiki/Oldwikirecovery/ext.categorySelect.html]
[xiaoshenbike.fandom.com/zh-tw/wiki/Oldwikirecovery/ext.categorySelect-2.html]
[xiaoshenbike.fandom.com/zh-tw/wiki/Oldwikirecovery/ext.fandom.bannerNotifications.html]
[xiaoshenbike.fandom.com/zh-tw/wiki/Oldwikirecovery/ext.fandom.DesignSystem.html]
[xiaoshenbike.fandom.com/zh-tw/wiki/Oldwikirecovery/ext.fandom.DesignSystem.CommunityHeader.html]
[xiaoshenbike.fandom.com/zh-tw/wiki/Oldwikirecovery/ext.fandom.HeartbeatTracking.html]
[xiaoshenbike.fandom.com/zh-tw/wiki/Oldwikirecovery/ext.fandom.Track.pageview.html]
[xiaoshenbike.fandom.com/zh-tw/wiki/Oldwikirecovery/ext.fandom.wikiaBar.html]
[xiaoshenbike.fandom.com/zh-tw/wiki/Oldwikirecovery/ext.fandom.wikiaBar-2.html]
[xiaoshenbike.fandom.com/zh-tw/wiki/Oldwikirecovery/ext.fandom.ContentReview.legacyLoaders.html]
[xiaoshenbike.fandom.com/zh-tw/wiki/Oldwikirecovery/ext.fandom.ContentReview.jsReload.html]
[xiaoshenbike.fandom.com/zh-tw/wiki/Oldwikirecovery/ext.fandom.SeoRedlinks.anchors.html]
[xiaoshenbike.fandom.com/zh-tw/wiki/Oldwikirecovery/ext.fandom.CreatePage.html]
[xiaoshenbike.fandom.com/zh-tw/wiki/Oldwikirecovery/ext.fandom.CreatePageOpenDialog.html]
[xiaoshenbike.fandom.com/zh-tw/wiki/Oldwikirecovery/ext.fandom.TimeAgoMessaging.html]
[xiaoshenbike.fandom.com/zh-tw/wiki/Oldwikirecovery/ext.fandom.VisitSource.html]
[xiaoshenbike.fandom.com/zh-tw/wiki/Oldwikirecovery/ext.fandom.Thumbnails.html]
[xiaoshenbike.fandom.com/zh-tw/wiki/Oldwikirecovery/skin.oasis.FanFeed.html]
[xiaoshenbike.fandom.com/zh-tw/wiki/Oldwikirecovery/skin.oasis.pageheader.Share.html]
[xiaoshenbike.fandom.com/zh-tw/wiki/Oldwikirecovery/ext.fandom.WikiaInYourLang.html]
[xiaoshenbike.fandom.com/zh-tw/wiki/Oldwikirecovery/ext.fandom.performanceMonitoring.html]
[xiaoshenbike.fandom.com/zh-tw/wiki/Oldwikirecovery/skin.oasis.lazyRail.html]
[xiaoshenbike.fandom.com/zh-tw/loadb9bf.css]
[xiaoshenbike.fandom.com/zh-tw/wiki/陈子龙内传.html]
[xiaoshenbike.fandom.com/zh-tw/wiki/王嘉豪]
[xiaoshenbike.fandom.com/zh-tw/wiki/硝神_Wiki]
[xiaoshenbike.fandom.com/zh-tw/wiki/陈子龙语录]
[xiaoshenbike.fandom.com/zh-tw/wiki/硝神_Wiki]
[xiaoshenbike.fandom.com/zh-tw/wiki/使用說明_Contents]
[xiaoshenbike.fandom.com/zh-tw/wiki/王嘉豪264b.html]
[xiaoshenbike.fandom.com/zh-tw/wiki/討論_王嘉豪78bb]
[xiaoshenbike.fandom.com/zh-tw/wiki/王嘉豪d9df.html]
[xiaoshenbike.fandom.com/zh-tw/wiki/討論_王嘉豪]
[xiaoshenbike.fandom.com/zh-tw/wiki/王嘉豪e793]
[xiaoshenbike.fandom.com/zh-tw/wiki/王嘉豪.html]
[xiaoshenbike.fandom.com/zh-tw/wiki/硝神_Wiki]
[xiaoshenbike.fandom.com/zh-tw/wiki/王嘉豪e793.html]
[xiaoshenbike.fandom.com/zh-tw/wiki/陈子龙语录]
[xiaoshenbike.fandom.com/zh-tw/wiki/硝神_Wiki]
[xiaoshenbike.fandom.com/zh-tw/wiki/使用說明_Contents]
[xiaoshenbike.fandom.com/zh-tw/wiki/Oldwikirecovery264b.html]
[xiaoshenbike.fandom.com/zh-tw/wiki/討論_Oldwikirecovery78bb]
[xiaoshenbike.fandom.com/zh-tw/wiki/Oldwikirecoveryd9df.html]
[xiaoshenbike.fandom.com/zh-tw/wiki/討論_Oldwikirecovery]
[xiaoshenbike.fandom.com/zh-tw/wiki/我家跨上了信息高速公路]
[xiaoshenbike.fandom.com/zh-tw/wiki/陈子龙]
[xiaoshenbike.fandom.com/zh-tw/wiki/高翔]
[xiaoshenbike.fandom.com/zh-tw/wiki/别样的碰碰车大战]
[xiaoshenbike.fandom.com/zh-tw/wiki/陈子龙语录]
[xiaoshenbike.fandom.com/zh-tw/wiki/Oldwikirecovery.html]
[xiaoshenbike.fandom.com/zh-tw/wiki/Oldwikirecovery5332.html]
[xiaoshenbike.fandom.com/zh-tw/wiki/Oldwikirecovery/ext.fandom.phalanx.visualEditor.1d8.delayed]
[xiaoshenbike.fandom.com/zh-tw/wiki/Oldwikirecovery/ext.portableInfobox.css]
[xiaoshenbike.fandom.com/zh-tw/wiki/Oldwikirecovery/ext.portableInfobox.runtime.css]
[xiaoshenbike.fandom.com/zh-tw/wiki/Oldwikirecovery/ext.portableInfobox.europaTheme.css]
[xiaoshenbike.fandom.com/zh-tw/wiki/Oldwikirecovery/ext.portableInfobox.europaTheme.runtime.css]
[xiaoshenbike.fandom.com/zh-tw/wiki/Oldwikirecovery/ext.fandom.visualEditor.js]
[xiaoshenbike.fandom.com/zh-tw/wiki/Oldwikirecovery/ext.fandom.visualEditor.css]
[xiaoshenbike.fandom.com/zh-tw/wiki/Oldwikirecovery/ext.fandom.FandomVisualEditor.runtime.css]
[xiaoshenbike.fandom.com/zh-tw/wiki/Oldwikirecovery/陈子龙264b.html]
[xiaoshenbike.fandom.com/zh-tw/loade697.css]
[xiaoshenbike.fandom.com/zh-tw/wiki/Oldwikirecovery/陈子龙d9df.html]
[xiaoshenbike.fandom.com/zh-tw/wiki/討論_Oldwikirecovery/陈子龙78bb.html]
[xiaoshenbike.fandom.com/zh-tw/loadae69.css]
[xiaoshenbike.fandom.com/zh-tw/wiki/特殊_上傳5537.html]
[xiaoshenbike.fandom.com/zh-tw/wiki/特殊_上傳f3ab.html]
[xiaoshenbike.fandom.com/zh-tw/wiki/特殊_上傳bb86.html]
[xiaoshenbike.fandom.com/zh-tw/wiki/特殊_上傳c163.html]
[xiaoshenbike.fandom.com/zh-tw/wiki/特殊_上傳8d20.html]
[xiaoshenbike.fandom.com/zh-tw/wiki/特殊_上傳fc6c.html]
[xiaoshenbike.fandom.com/zh-tw/wiki/特殊_上傳44b2.html]
[xiaoshenbike.fandom.com/zh-tw/wiki/特殊_上傳4d77.html]
[xiaoshenbike.fandom.com/zh-tw/wiki/特殊_上傳31bd.html]
[xiaoshenbike.fandom.com/zh-tw/wiki/特殊_上傳9215.html]
[xiaoshenbike.fandom.com/zh-tw/wiki/Oldwikirecovery/陈子龙a64b.html]
[xiaoshenbike.fandom.com/zh-tw/wiki/Ext.fandom.AffiliateService.html]
[xiaoshenbike.fandom.com/zh-tw/wiki/Ext.fandom.CreatePageOpenDialog.html]
[xiaoshenbike.fandom.com/zh-tw/wiki/Skin.oasis.lazyRail.html]
[xiaoshenbike.fandom.com/zh-tw/load5deb.css]
[xiaoshenbike.fandom.com/zh-tw/wiki/浅轻264b.html]
[xiaoshenbike.fandom.com/zh-tw/wiki/浅轻d9df.html]
[xiaoshenbike.fandom.com/zh-tw/wiki/討論_浅轻.html]
[xiaoshenbike.fandom.com/zh-tw/wiki/特殊_上傳6ea8.html]
[xiaoshenbike.fandom.com/zh-tw/wiki/特殊_上傳f00e.html]
[xiaoshenbike.fandom.com/zh-tw/wiki/特殊_上傳d1f8.html]
[xiaoshenbike.fandom.com/zh-tw/wiki/硝神_Wiki]
[xiaoshenbike.fandom.com/zh-tw/wiki/陈子龙语录]
[xiaoshenbike.fandom.com/zh-tw/wiki/硝神_Wiki]
[xiaoshenbike.fandom.com/zh-tw/wiki/使用說明_Contents]
[xiaoshenbike.fandom.com/zh-tw/wiki/李威264b.html]
[xiaoshenbike.fandom.com/zh-tw/wiki/討論_李威78bb]
[xiaoshenbike.fandom.com/zh-tw/wiki/李威d9df.html]
[xiaoshenbike.fandom.com/zh-tw/wiki/討論_李威]
[xiaoshenbike.fandom.com/zh-tw/wiki/特殊_上傳1c6a.html]
[xiaoshenbike.fandom.com/zh-tw/wiki/特殊_上傳0cf1.html]
[xiaoshenbike.fandom.com/zh-tw/wiki/特殊_上傳e9ff.html]
[xiaoshenbike.fandom.com/zh-tw/wiki/李威.1ee59e4.delayed]
[xiaoshenbike.fandom.com/zh-tw/wiki/李威.html]
[xiaoshenbike.fandom.com/zh-tw/wiki/特殊_上傳14a0.html]
[xiaoshenbike.fandom.com/zh-tw/wiki/李威59e4.html]
[xiaoshenbike.fandom.com/zh-tw/wiki/ext.fandom.UserProfile.js]
[xiaoshenbike.fandom.com/zh-tw/wiki/Ext.fandom.UserProfile.js]
[xiaoshenbike.fandom.com/zh-tw/wiki/使用者_Xiaoshenbike.html]
[xiaoshenbike.fandom.com/zh-tw/wiki/特殊_上傳642d.html]
[xiaoshenbike.fandom.com/zh-tw/load9de6.css]
[xiaoshenbike.fandom.com/zh-tw/wiki/浅神阁/ext.fandom.FacebookTags.js]
[xiaoshenbike.fandom.com/zh-tw/wiki/浅神阁/ext.fandom.ae.babTracking.js]
[xiaoshenbike.fandom.com/zh-tw/wiki/浅神阁/ext.fandom.ae.consentQueue.js]
[xiaoshenbike.fandom.com/zh-tw/wiki/浅神阁/ext.fandom.AnalyticsEngine.comscore.js]
[xiaoshenbike.fandom.com/zh-tw/wiki/浅神阁/ext.fandom.AnalyticsEngine.quantcast.js]
[xiaoshenbike.fandom.com/zh-tw/wiki/浅神阁/ext.fandom.AffiliateService.js]
[xiaoshenbike.fandom.com/zh-tw/wiki/浅神阁/ext.categorySelect.css]
[xiaoshenbike.fandom.com/zh-tw/wiki/浅神阁/ext.categorySelect.js]
[xiaoshenbike.fandom.com/zh-tw/wiki/浅神阁/ext.fandom.bannerNotifications.js]
[xiaoshenbike.fandom.com/zh-tw/wiki/浅神阁/ext.fandom.DesignSystem.js]
[xiaoshenbike.fandom.com/zh-tw/wiki/浅神阁/ext.fandom.DesignSystem.CommunityHeader.js]
[xiaoshenbike.fandom.com/zh-tw/wiki/浅神阁/ext.fandom.HeartbeatTracking.js]
[xiaoshenbike.fandom.com/zh-tw/wiki/浅神阁/ext.fandom.Track.pageview.js]
[xiaoshenbike.fandom.com/zh-tw/wiki/浅神阁/ext.fandom.wikiaBar.css]
[xiaoshenbike.fandom.com/zh-tw/wiki/浅神阁/ext.fandom.wikiaBar.js]
[xiaoshenbike.fandom.com/zh-tw/wiki/浅神阁/ext.fandom.ContentReview.legacyLoaders.js]
[xiaoshenbike.fandom.com/zh-tw/wiki/浅神阁/ext.fandom.ContentReview.jsReload.js]
[xiaoshenbike.fandom.com/zh-tw/wiki/浅神阁/ext.fandom.SeoRedlinks.anchors.js]
[xiaoshenbike.fandom.com/zh-tw/wiki/浅神阁/ext.fandom.CreatePage.js]
[xiaoshenbike.fandom.com/zh-tw/wiki/浅神阁/ext.fandom.CreatePageOpenDialog.js]
[xiaoshenbike.fandom.com/zh-tw/wiki/浅神阁/ext.fandom.TimeAgoMessaging.js]
[xiaoshenbike.fandom.com/zh-tw/wiki/浅神阁/ext.fandom.VisitSource.js]
[xiaoshenbike.fandom.com/zh-tw/wiki/浅神阁/ext.fandom.Thumbnails.js]
[xiaoshenbike.fandom.com/zh-tw/wiki/浅神阁/skin.oasis.FanFeed.js]
[xiaoshenbike.fandom.com/zh-tw/wiki/浅神阁/skin.oasis.pageheader.Share.js]
[xiaoshenbike.fandom.com/zh-tw/wiki/浅神阁/ext.fandom.WikiaInYourLang.js]
[xiaoshenbike.fandom.com/zh-tw/wiki/浅神阁/ext.fandom.performanceMonitoring.js]
[xiaoshenbike.fandom.com/zh-tw/wiki/浅神阁/skin.oasis.lazyRail.js]
[xiaoshenbike.fandom.com/zh-tw/wiki/硝神_Wiki]
[xiaoshenbike.fandom.com/zh-tw/wiki/陈子龙语录]
[xiaoshenbike.fandom.com/zh-tw/wiki/硝神_Wiki]
[xiaoshenbike.fandom.com/zh-tw/wiki/使用說明_Contents]
[xiaoshenbike.fandom.com/zh-tw/wiki/浅神阁/管理员开示264b.html]
[xiaoshenbike.fandom.com/zh-tw/wiki/浅神阁/管理员开示d9df.html]
[xiaoshenbike.fandom.com/zh-tw/wiki/討論_浅神阁/管理员开示78bb]
[xiaoshenbike.fandom.com/zh-tw/wiki/浅神阁/管理员开示007e]
[xiaoshenbike.fandom.com/zh-tw/wiki/浅神阁/管理员开示.html]
[xiaoshenbike.fandom.com/zh-tw/wiki/特殊_上傳b78f.html]
[xiaoshenbike.fandom.com/zh-tw/wiki/特殊_上傳42e3.html]
[xiaoshenbike.fandom.com/zh-tw/wiki/特殊_上傳f50e.html]
[xiaoshenbike.fandom.com/zh-tw/wiki/特殊_上傳3cf6.html]
[xiaoshenbike.fandom.com/zh-tw/wiki/浅轻/较有争议的内容.html]
[xiaoshenbike.fandom.com/zh-tw/wiki/浅神阁/管理员开示007e.html]
[xiaoshenbike.fandom.com/zh-tw/wiki/浅轻/ext.fandom.FacebookTags.js]
[xiaoshenbike.fandom.com/zh-tw/wiki/浅轻/ext.fandom.ae.babTracking.js]
[xiaoshenbike.fandom.com/zh-tw/wiki/浅轻/ext.fandom.ae.consentQueue.js]
[xiaoshenbike.fandom.com/zh-tw/wiki/浅轻/ext.fandom.AnalyticsEngine.comscore.js]
[xiaoshenbike.fandom.com/zh-tw/wiki/浅轻/ext.fandom.AnalyticsEngine.quantcast.js]
[xiaoshenbike.fandom.com/zh-tw/wiki/浅轻/ext.fandom.AffiliateService.js]
[xiaoshenbike.fandom.com/zh-tw/wiki/浅轻/ext.categorySelect.css]
[xiaoshenbike.fandom.com/zh-tw/wiki/浅轻/ext.categorySelect.js]
[xiaoshenbike.fandom.com/zh-tw/wiki/浅轻/ext.fandom.bannerNotifications.js]
[xiaoshenbike.fandom.com/zh-tw/wiki/浅轻/ext.fandom.DesignSystem.js]
[xiaoshenbike.fandom.com/zh-tw/wiki/浅轻/ext.fandom.DesignSystem.CommunityHeader.js]
[xiaoshenbike.fandom.com/zh-tw/wiki/浅轻/ext.fandom.HeartbeatTracking.js]
[xiaoshenbike.fandom.com/zh-tw/wiki/浅轻/ext.fandom.Track.pageview.js]
[xiaoshenbike.fandom.com/zh-tw/wiki/浅轻/ext.fandom.wikiaBar.css]
[xiaoshenbike.fandom.com/zh-tw/wiki/浅轻/ext.fandom.wikiaBar.js]
[xiaoshenbike.fandom.com/zh-tw/wiki/浅轻/ext.fandom.ContentReview.legacyLoaders.js]
[xiaoshenbike.fandom.com/zh-tw/wiki/浅轻/ext.fandom.ContentReview.jsReload.js]
[xiaoshenbike.fandom.com/zh-tw/wiki/浅轻/ext.fandom.SeoRedlinks.anchors.js]
[xiaoshenbike.fandom.com/zh-tw/wiki/浅轻/ext.fandom.CreatePage.js]
[xiaoshenbike.fandom.com/zh-tw/wiki/浅轻/ext.fandom.CreatePageOpenDialog.js]
[xiaoshenbike.fandom.com/zh-tw/wiki/浅轻/ext.fandom.TimeAgoMessaging.js]
[xiaoshenbike.fandom.com/zh-tw/wiki/浅轻/ext.fandom.VisitSource.js]
[xiaoshenbike.fandom.com/zh-tw/wiki/浅轻/ext.fandom.Thumbnails.js]
[xiaoshenbike.fandom.com/zh-tw/wiki/浅轻/skin.oasis.FanFeed.js]
[xiaoshenbike.fandom.com/zh-tw/wiki/浅轻/skin.oasis.pageheader.Share.js]
[xiaoshenbike.fandom.com/zh-tw/wiki/浅轻/ext.fandom.WikiaInYourLang.js]
[xiaoshenbike.fandom.com/zh-tw/wiki/浅轻/ext.fandom.performanceMonitoring.js]
[xiaoshenbike.fandom.com/zh-tw/wiki/浅轻/skin.oasis.lazyRail.js]
[xiaoshenbike.fandom.com/zh-tw/wiki/硝神_Wiki]
[xiaoshenbike.fandom.com/zh-tw/wiki/陈子龙语录]
[xiaoshenbike.fandom.com/zh-tw/wiki/硝神_Wiki]
[xiaoshenbike.fandom.com/zh-tw/wiki/使用說明_Contents]
[xiaoshenbike.fandom.com/zh-tw/wiki/浅轻/世说新语264b.html]
[xiaoshenbike.fandom.com/zh-tw/wiki/浅轻/世说新语d9df.html]
[xiaoshenbike.fandom.com/zh-tw/wiki/討論_浅轻/世说新语78bb]
[xiaoshenbike.fandom.com/zh-tw/wiki/浅轻/世说新语c93a]
[xiaoshenbike.fandom.com/zh-tw/wiki/浅轻/世说新语.html]
[xiaoshenbike.fandom.com/zh-tw/wiki/浅轻1a26.html]
[xiaoshenbike.fandom.com/zh-tw/wiki/Oldwikirecovery/陈子龙语录264b.html]
[xiaoshenbike.fandom.com/zh-tw/wiki/Oldwikirecovery/陈子龙语录d9df.html]
[xiaoshenbike.fandom.com/zh-tw/wiki/討論_Oldwikirecovery/陈子龙语录.html]
[xiaoshenbike.fandom.com/zh-tw/wiki/特殊_上傳8a98.html]
[xiaoshenbike.fandom.com/zh-tw/wiki/浅轻/世说新语c93a.html]
[xiaoshenbike.fandom.com/zh-tw/wiki/特殊_過長的頁面.html]
[xiaoshenbike.fandom.com/zh-tw/load0bd8.css]
[xiaoshenbike.fandom.com/zh-tw/wiki/Oldwikirecovery/陈子龙语录4fff.html]
[xiaoshenbike.fandom.com/zh-tw/load2804.css]
[xiaoshenbike.fandom.com/zh-tw/wiki/三公264b.html]
[xiaoshenbike.fandom.com/zh-tw/wiki/三公d9df.html]
[xiaoshenbike.fandom.com/zh-tw/wiki/討論_三公.html]
[xiaoshenbike.fandom.com/zh-tw/wiki/三公7110.html]
[xiaoshenbike.fandom.com/zh-tw/wiki/浅神阁264b.html]
[xiaoshenbike.fandom.com/zh-tw/wiki/浅神阁d9df.html]
[xiaoshenbike.fandom.com/zh-tw/wiki/討論_浅神阁.html]
[xiaoshenbike.fandom.com/zh-tw/wiki/Warning.html]
[xiaoshenbike.fandom.com/zh-tw/wiki/硝神_Wiki]
[xiaoshenbike.fandom.com/zh-tw/wiki/硝神_Wiki]
[xiaoshenbike.fandom.com/zh-tw/wiki/陈子龙语录]
[xiaoshenbike.fandom.com/zh-tw/wiki/硝神_Wiki]
[xiaoshenbike.fandom.com/zh-tw/wiki/使用說明_Contents]
[xiaoshenbike.fandom.com/zh-tw/wiki/特殊_建立帳號]
[xiaoshenbike.fandom.com/zh-tw/wiki/特殊_UserSignup2e48]
[xiaoshenbike.fandom.com/zh-tw/wiki/陈文亮]
[xiaoshenbike.fandom.com/zh-tw/wiki/陈子龙]
[xiaoshenbike.fandom.com/zh-tw/wiki/高翔]
[xiaoshenbike.fandom.com/zh-tw/wiki/硝神_Wiki9ac5.html]
[xiaoshenbike.fandom.com/zh-tw/wiki/浅神阁ee95.html]
[xiaoshenbike.fandom.com/zh-tw/wiki/Ext.fandom.Blogs.html]
[xiaoshenbike.fandom.com/zh-tw/loadf946.css]
[xiaoshenbike.fandom.com/zh-tw/wiki/分類_BlogListingPage.html]
[xiaoshenbike.fandom.com/zh-tw/wiki/Blog_Recent_posts9410.html]
[xiaoshenbike.fandom.com/zh-tw/loadca51.css]
[xiaoshenbike.fandom.com/zh-tw/wiki/Oldwikirecovery/高翔264b.html]
[xiaoshenbike.fandom.com/zh-tw/wiki/Oldwikirecovery/高翔d9df.html]
[xiaoshenbike.fandom.com/zh-tw/wiki/討論_Oldwikirecovery/高翔.html]
[xiaoshenbike.fandom.com/zh-tw/wiki/特殊_上傳b302.html]
[xiaoshenbike.fandom.com/zh-tw/wiki/特殊_上傳9995.html]
[xiaoshenbike.fandom.com/zh-tw/wiki/特殊_上傳51db.html]
[xiaoshenbike.fandom.com/zh-tw/wiki/特殊_上傳9f79.html]
[xiaoshenbike.fandom.com/zh-tw/wiki/特殊_上傳97dd.html]
[xiaoshenbike.fandom.com/zh-tw/wiki/特殊_上傳cefb.html]
[xiaoshenbike.fandom.com/zh-tw/wiki/特殊_上傳d998.html]
[xiaoshenbike.fandom.com/zh-tw/wiki/特殊_上傳88c2.html]
[xiaoshenbike.fandom.com/zh-tw/wiki/特殊_上傳c981.html]
[xiaoshenbike.fandom.com/zh-tw/wiki/特殊_上傳efaf.html]
[xiaoshenbike.fandom.com/zh-tw/wiki/Oldwikirecovery/高翔0ae8.html]
[xiaoshenbike.fandom.com/zh-tw/load17d2.css]
[xiaoshenbike.fandom.com/zh-tw/load777a.css]
[xiaoshenbike.fandom.com/zh-tw/wiki/秦凯健264b.html]
[xiaoshenbike.fandom.com/zh-tw/wiki/秦凯健d9df.html]
[xiaoshenbike.fandom.com/zh-tw/wiki/討論_秦凯健.html]
[xiaoshenbike.fandom.com/zh-tw/wiki/特殊_上傳a74a.html]
[xiaoshenbike.fandom.com/zh-tw/wiki/特殊_上傳fee7.html]
[xiaoshenbike.fandom.com/zh-tw/wiki/特殊_上傳d61b.html]
[xiaoshenbike.fandom.com/zh-tw/wiki/特殊_上傳e23b.html]
[xiaoshenbike.fandom.com/zh-tw/wiki/特殊_上傳6930.html]
[xiaoshenbike.fandom.com/zh-tw/wiki/秦凯健fbda.html]
[xiaoshenbike.fandom.com/zh-tw/wiki/Mediawiki.special.changeslist.legend.html]
[xiaoshenbike.fandom.com/resources-ucp/resources/src/mediawiki.feedlink/images/feed-icon25e3.png]
[xiaoshenbike.fandom.com/resources-ucp/resources/src/mediawiki.helplink/images/helpNotice92a1.png]
[xiaoshenbike.fandom.com/resources-ucp/resources/src/mediawiki.icon/images/arrow-collapsed-ltrcac6.png]
[xiaoshenbike.fandom.com/resources-ucp/resources/src/mediawiki.icon/images/arrow-expanded369a.png]
[xiaoshenbike.fandom.com/zh-tw/load4c46.gif]
[xiaoshenbike.fandom.com/zh-tw/load583e.css]
[static.wikia.nocookie.net/fandom-ae-assets/platforms/v81.7.1/ucp-no-ads/styles.css]
[xiaoshenbike.fandom.com/zh-tw/wiki/Ext.fandom.communityPage.html]
[xiaoshenbike.fandom.com/zh-tw/loadef5e.css]
[xiaoshenbike.fandom.com/resources-ucp/resources/src/mediawiki.htmlform.styles/images/question66b7.png]
[xiaoshenbike.fandom.com/zh-tw/load379c.css]
[xiaoshenbike.fandom.com/zh-tw/wiki/Ext.fandom.photoGallery.gallery.html]
[xiaoshenbike.fandom.com/zh-tw/loadbc93.css]
[xiaoshenbike.fandom.com/feeds-and-posts/public/8264a212d/assets/client.css]
[xiaoshenbike.fandom.com/feeds-and-posts/public/styles-themede5ce.css]
[xiaoshenbike.fandom.com/zh-tw/wiki/使用者_FANDOM.html]
[xiaoshenbike.fandom.com/zh-tw/wiki/使用者_Esu_Bro.html]
[xiaoshenbike.fandom.com/zh-tw/wiki/Ext.fandom.phalanx.visualEditor.html]
[xiaoshenbike.fandom.com/zh-tw/wiki/Ext.portableInfobox.html]
[xiaoshenbike.fandom.com/zh-tw/wiki/Ext.portableInfobox.runtime.html]
[xiaoshenbike.fandom.com/zh-tw/wiki/Ext.portableInfobox.europaTheme.html]
[xiaoshenbike.fandom.com/zh-tw/wiki/Ext.portableInfobox.europaTheme.runtime.html]
[xiaoshenbike.fandom.com/zh-tw/wiki/Ext.fandom.visualEditor.html]
[xiaoshenbike.fandom.com/zh-tw/wiki/Ext.fandom.visualEditor-2.html]
[xiaoshenbike.fandom.com/zh-tw/wiki/Ext.fandom.FandomVisualEditor.runtime.html]
[xiaoshenbike.fandom.com/zh-tw/load2668.css]
[xiaoshenbike.fandom.com/zh-tw/loada8ea.css]
[xiaoshenbike.fandom.com/zh-tw/loadea43.css]
[xiaoshenbike.fandom.com/zh-tw/loadd8bc.css]
[xiaoshenbike.fandom.com/zh-tw/wiki/杜晓慧264b.html]
[xiaoshenbike.fandom.com/zh-tw/wiki/杜晓慧d9df.html]
[xiaoshenbike.fandom.com/zh-tw/wiki/討論_杜晓慧.html]
[xiaoshenbike.fandom.com/zh-tw/wiki/杜晓慧ac46.html]
[xiaoshenbike.fandom.com/zh-tw/wiki/陈宇欣264b.html]
[xiaoshenbike.fandom.com/zh-tw/wiki/陈宇欣d9df.html]
[xiaoshenbike.fandom.com/zh-tw/wiki/討論_陈宇欣.html]
[xiaoshenbike.fandom.com/zh-tw/wiki/陈宇欣0a80.html]
[xiaoshenbike.fandom.com/zh-tw/load9ab5.css]
[xiaoshenbike.fandom.com/zh-tw/load4cc7.css]
[www.fastly-insights.com/static/scoute92a.js]
[xiaoshenbike.fandom.com/zh-tw/wiki/硝神_Wiki]
[xiaoshenbike.fandom.com/zh-tw/wiki/陈子龙语录]
[xiaoshenbike.fandom.com/zh-tw/wiki/硝神_Wiki]
[xiaoshenbike.fandom.com/zh-tw/wiki/使用說明_Contents]
[xiaoshenbike.fandom.com/zh-tw/wiki/Doku_欧煦妍264b.html]
[xiaoshenbike.fandom.com/zh-tw/wiki/Doku_欧煦妍d9df.html]
[xiaoshenbike.fandom.com/zh-tw/wiki/討論_Doku_欧煦妍78bb]
[xiaoshenbike.fandom.com/zh-tw/wiki/討論_Doku_欧煦妍]
[xiaoshenbike.fandom.com/zh-tw/wiki/Doku_欧煦妍7469]
[xiaoshenbike.fandom.com/zh-tw/wiki/Doku_欧煦妍.html]
[xiaoshenbike.fandom.com/zh-tw/wiki/Doku_欧煦妍7469.html]
[xiaoshenbike.fandom.com/zh-tw/loadadac.css]
[xiaoshenbike.fandom.com/zh-tw/wiki/硝神_Wiki]
[xiaoshenbike.fandom.com/zh-tw/wiki/陈子龙语录]
[xiaoshenbike.fandom.com/zh-tw/wiki/硝神_Wiki]
[xiaoshenbike.fandom.com/zh-tw/wiki/使用說明_Contents]
[xiaoshenbike.fandom.com/zh-tw/wiki/Oldwikirecovery/别样的碰碰车大战264b.html]
[xiaoshenbike.fandom.com/zh-tw/wiki/Oldwikirecovery/别样的碰碰车大战d9df.html]
[xiaoshenbike.fandom.com/zh-tw/wiki/討論_Oldwikirecovery/别样的碰碰车大战78bb]
[xiaoshenbike.fandom.com/zh-tw/wiki/討論_Oldwikirecovery/别样的碰碰车大战]
[xiaoshenbike.fandom.com/zh-tw/wiki/特殊_上傳6e62.html]
[xiaoshenbike.fandom.com/zh-tw/wiki/Oldwikirecovery/别样的碰碰车大战afae]
[xiaoshenbike.fandom.com/zh-tw/wiki/Oldwikirecovery/别样的碰碰车大战.html]
[xiaoshenbike.fandom.com/zh-tw/wiki/Oldwikirecovery/别样的碰碰车大战afae.html]
[xiaoshenbike.fandom.com/zh-tw/wiki/硝神_Wiki]
[xiaoshenbike.fandom.com/zh-tw/wiki/陈子龙语录]
[xiaoshenbike.fandom.com/zh-tw/wiki/硝神_Wiki]
[xiaoshenbike.fandom.com/zh-tw/wiki/使用說明_Contents]
[xiaoshenbike.fandom.com/zh-tw/wiki/Oldwikirecovery/我家跨上了信息高速公路264b.html]
[xiaoshenbike.fandom.com/zh-tw/wiki/Oldwikirecovery/我家跨上了信息高速公路d9df.html]
[xiaoshenbike.fandom.com/zh-tw/wiki/討論_Oldwikirecovery/我家跨上了信息高速公路78bb]
[xiaoshenbike.fandom.com/zh-tw/wiki/討論_Oldwikirecovery/我家跨上了信息高速公路]
[xiaoshenbike.fandom.com/zh-tw/wiki/Oldwikirecovery/我家跨上了信息高速公路e3b0]
[xiaoshenbike.fandom.com/zh-tw/wiki/Oldwikirecovery/我家跨上了信息高速公路.html]
[xiaoshenbike.fandom.com/zh-tw/wiki/Oldwikirecovery/我家跨上了信息高速公路e3b0.html]
[xiaoshenbike.fandom.com/zh-tw/wiki/硝神_Wiki]
[xiaoshenbike.fandom.com/zh-tw/wiki/陈子龙语录]
[xiaoshenbike.fandom.com/zh-tw/wiki/硝神_Wiki]
[xiaoshenbike.fandom.com/zh-tw/wiki/使用說明_Contents]
[xiaoshenbike.fandom.com/zh-tw/wiki/Test264b.html]
[xiaoshenbike.fandom.com/zh-tw/wiki/Testd9df.html]
[xiaoshenbike.fandom.com/zh-tw/wiki/討論_Test78bb]
[xiaoshenbike.fandom.com/zh-tw/wiki/討論_Test]
[xiaoshenbike.fandom.com/zh-tw/wiki/特殊_建立帳號]
[xiaoshenbike.fandom.com/zh-tw/wiki/特殊_UserSignup2e48]
[xiaoshenbike.fandom.com/zh-tw/wiki/陈文亮]
[xiaoshenbike.fandom.com/zh-tw/wiki/Test.html]
[xiaoshenbike.fandom.com/zh-tw/wiki/硝神_Wiki]
[xiaoshenbike.fandom.com/zh-tw/wiki/Test1096.html]
[xiaoshenbike.fandom.com/zh-tw/wiki/陈子龙语录]
[xiaoshenbike.fandom.com/zh-tw/wiki/硝神_Wiki]
[xiaoshenbike.fandom.com/zh-tw/wiki/使用說明_Contents]
[xiaoshenbike.fandom.com/zh-tw/wiki/Testwiki_首页264b.html]
[xiaoshenbike.fandom.com/zh-tw/wiki/討論_Testwiki_首页78bb]
[xiaoshenbike.fandom.com/zh-tw/wiki/Testwiki_首页d9df.html]
[xiaoshenbike.fandom.com/zh-tw/wiki/討論_Testwiki_首页]
[xiaoshenbike.fandom.com/zh-tw/wiki/Testwiki_首页612e]
[xiaoshenbike.fandom.com/zh-tw/wiki/Testwiki_首页.html]
[xiaoshenbike.fandom.com/zh-tw/wiki/硝神_Wiki]
[xiaoshenbike.fandom.com/zh-tw/wiki/Testwiki_首页612e.html]
[xiaoshenbike.fandom.com/zh-tw/wiki/陈子龙语录]
[xiaoshenbike.fandom.com/zh-tw/wiki/硝神_Wiki]
[xiaoshenbike.fandom.com/zh-tw/wiki/使用說明_Contents]
[xiaoshenbike.fandom.com/zh-tw/wiki/乐子264b.html]
[xiaoshenbike.fandom.com/zh-tw/wiki/討論_乐子78bb]
[xiaoshenbike.fandom.com/zh-tw/wiki/乐子d9df.html]
[xiaoshenbike.fandom.com/zh-tw/wiki/討論_乐子]
[xiaoshenbike.fandom.com/zh-tw/wiki/陈子龙]
[xiaoshenbike.fandom.com/zh-tw/wiki/高翔]
[xiaoshenbike.fandom.com/zh-tw/wiki/乐子8e69]
[xiaoshenbike.fandom.com/zh-tw/wiki/乐子.html]
[xiaoshenbike.fandom.com/zh-tw/wiki/硝神_Wiki]
[xiaoshenbike.fandom.com/zh-tw/wiki/乐子8e69.html]
[xiaoshenbike.fandom.com/zh-tw/wiki/陈子龙语录]
[xiaoshenbike.fandom.com/zh-tw/wiki/硝神_Wiki]
[xiaoshenbike.fandom.com/zh-tw/wiki/使用說明_Contents]
[xiaoshenbike.fandom.com/zh-tw/wiki/姜正行264b.html]
[xiaoshenbike.fandom.com/zh-tw/wiki/討論_姜正行78bb]
[xiaoshenbike.fandom.com/zh-tw/wiki/姜正行d9df.html]
[xiaoshenbike.fandom.com/zh-tw/wiki/討論_姜正行]
[xiaoshenbike.fandom.com/zh-tw/wiki/姜正行1291]
[xiaoshenbike.fandom.com/zh-tw/wiki/姜正行.html]
[xiaoshenbike.fandom.com/zh-tw/wiki/硝神_Wiki]
[xiaoshenbike.fandom.com/zh-tw/wiki/姜正行1291.html]
[xiaoshenbike.fandom.com/zh-tw/wiki/陈子龙语录]
[xiaoshenbike.fandom.com/zh-tw/wiki/硝神_Wiki]
[xiaoshenbike.fandom.com/zh-tw/wiki/使用說明_Contents]
[xiaoshenbike.fandom.com/zh-tw/wiki/小鬼264b.html]
[xiaoshenbike.fandom.com/zh-tw/wiki/討論_小鬼78bb]
[xiaoshenbike.fandom.com/zh-tw/wiki/小鬼d9df.html]
[xiaoshenbike.fandom.com/zh-tw/wiki/討論_小鬼]
[xiaoshenbike.fandom.com/zh-tw/wiki/王嘉豪]
[xiaoshenbike.fandom.com/zh-tw/wiki/小鬼5141]
[xiaoshenbike.fandom.com/zh-tw/wiki/小鬼.html]
[xiaoshenbike.fandom.com/zh-tw/wiki/硝神_Wiki]
[xiaoshenbike.fandom.com/zh-tw/wiki/小鬼5141.html]
[xiaoshenbike.fandom.com/zh-tw/wiki/陈子龙语录]
[xiaoshenbike.fandom.com/zh-tw/wiki/硝神_Wiki]
[xiaoshenbike.fandom.com/zh-tw/wiki/使用說明_Contents]
[xiaoshenbike.fandom.com/zh-tw/wiki/文集264b.html]
[xiaoshenbike.fandom.com/zh-tw/wiki/討論_文集78bb]
[xiaoshenbike.fandom.com/zh-tw/wiki/文集d9df.html]
[xiaoshenbike.fandom.com/zh-tw/wiki/討論_文集]
[xiaoshenbike.fandom.com/zh-tw/wiki/我家跨上了信息高速公路]
[xiaoshenbike.fandom.com/zh-tw/wiki/别样的碰碰车大战]
[xiaoshenbike.fandom.com/zh-tw/wiki/文集660b]
[xiaoshenbike.fandom.com/zh-tw/wiki/文集.html]
[xiaoshenbike.fandom.com/zh-tw/wiki/硝神_Wiki]
[xiaoshenbike.fandom.com/zh-tw/wiki/文集660b.html]
[xiaoshenbike.fandom.com/zh-tw/wiki/陈子龙语录]
[xiaoshenbike.fandom.com/zh-tw/wiki/硝神_Wiki]
[xiaoshenbike.fandom.com/zh-tw/wiki/使用說明_Contents]
[xiaoshenbike.fandom.com/zh-tw/wiki/浅轻/石锤于小贱补档264b.html]
[xiaoshenbike.fandom.com/zh-tw/wiki/討論_浅轻/石锤于小贱补档78bb]
[xiaoshenbike.fandom.com/zh-tw/wiki/浅轻/石锤于小贱补档d9df.html]
[xiaoshenbike.fandom.com/zh-tw/wiki/討論_浅轻/石锤于小贱补档]
[xiaoshenbike.fandom.com/zh-tw/wiki/浅轻/石锤于小贱补档350d]
[xiaoshenbike.fandom.com/zh-tw/wiki/浅轻/石锤于小贱补档.html]
[xiaoshenbike.fandom.com/zh-tw/wiki/硝神_Wiki]
[xiaoshenbike.fandom.com/zh-tw/wiki/浅轻/石锤于小贱补档350d.html]
[xiaoshenbike.fandom.com/zh-tw/wiki/陈子龙语录]
[xiaoshenbike.fandom.com/zh-tw/wiki/硝神_Wiki]
[xiaoshenbike.fandom.com/zh-tw/wiki/使用說明_Contents]
[xiaoshenbike.fandom.com/zh-tw/wiki/硝神百科守则264b.html]
[xiaoshenbike.fandom.com/zh-tw/wiki/討論_硝神百科守则78bb]
[xiaoshenbike.fandom.com/zh-tw/wiki/硝神百科守则d9df.html]
[xiaoshenbike.fandom.com/zh-tw/wiki/討論_硝神百科守则]
[xiaoshenbike.fandom.com/zh-tw/wiki/硝神百科守则cc8d]
[xiaoshenbike.fandom.com/zh-tw/wiki/硝神百科守则.html]
[xiaoshenbike.fandom.com/zh-tw/wiki/硝神_Wiki]
[xiaoshenbike.fandom.com/zh-tw/wiki/硝神百科守则cc8d.html]
[xiaoshenbike.fandom.com/zh-tw/wiki/陈子龙语录]
[xiaoshenbike.fandom.com/zh-tw/wiki/硝神_Wiki]
[xiaoshenbike.fandom.com/zh-tw/wiki/使用說明_Contents]
[xiaoshenbike.fandom.com/zh-tw/wiki/胡力264b.html]
[xiaoshenbike.fandom.com/zh-tw/wiki/討論_胡力78bb]
[xiaoshenbike.fandom.com/zh-tw/wiki/胡力d9df.html]
[xiaoshenbike.fandom.com/zh-tw/wiki/討論_胡力]
[xiaoshenbike.fandom.com/zh-tw/wiki/胡力0841]
[xiaoshenbike.fandom.com/zh-tw/wiki/胡力.html]
[xiaoshenbike.fandom.com/zh-tw/wiki/硝神_Wiki]
[xiaoshenbike.fandom.com/zh-tw/wiki/胡力0841.html]
[xiaoshenbike.fandom.com/zh-tw/wiki/陈子龙语录]
[xiaoshenbike.fandom.com/zh-tw/wiki/硝神_Wiki]
[xiaoshenbike.fandom.com/zh-tw/wiki/使用說明_Contents]
[xiaoshenbike.fandom.com/zh-tw/wiki/茂南执法公检法政264b.html]
[xiaoshenbike.fandom.com/zh-tw/wiki/討論_茂南执法公检法政78bb]
[xiaoshenbike.fandom.com/zh-tw/wiki/茂南执法公检法政d9df.html]
[xiaoshenbike.fandom.com/zh-tw/wiki/討論_茂南执法公检法政]
[xiaoshenbike.fandom.com/zh-tw/wiki/茂南执法公检法政0115]
[xiaoshenbike.fandom.com/zh-tw/wiki/茂南执法公检法政.html]
[xiaoshenbike.fandom.com/zh-tw/wiki/茂南执法公检法政0115.html]
[xiaoshenbike.fandom.com/zh-tw/load3392.css]
[xiaoshenbike.fandom.com/zh-tw/wiki/硝神_Wiki]
[xiaoshenbike.fandom.com/zh-tw/wiki/陈子龙语录]
[xiaoshenbike.fandom.com/zh-tw/wiki/硝神_Wiki]
[xiaoshenbike.fandom.com/zh-tw/wiki/使用說明_Contents]
[xiaoshenbike.fandom.com/zh-tw/wiki/陈子龙内传264b.html]
[xiaoshenbike.fandom.com/zh-tw/wiki/討論_陈子龙内传78bb]
[xiaoshenbike.fandom.com/zh-tw/wiki/陈子龙内传d9df.html]
[xiaoshenbike.fandom.com/zh-tw/wiki/討論_陈子龙内传]
[xiaoshenbike.fandom.com/zh-tw/wiki/陈子龙内传90bb]
[xiaoshenbike.fandom.com/zh-tw/wiki/陈子龙内传.html]
[xiaoshenbike.fandom.com/zh-tw/wiki/王嘉豪264b.html]
[xiaoshenbike.fandom.com/zh-tw/wiki/王嘉豪d9df.html]
[xiaoshenbike.fandom.com/zh-tw/wiki/討論_王嘉豪.html]
[xiaoshenbike.fandom.com/zh-tw/wiki/王嘉豪e793.html]
[xiaoshenbike.fandom.com/zh-tw/wiki/Oldwikirecovery264b.html]
[xiaoshenbike.fandom.com/zh-tw/wiki/Oldwikirecoveryd9df.html]
[xiaoshenbike.fandom.com/zh-tw/wiki/討論_Oldwikirecovery.html]
[xiaoshenbike.fandom.com/zh-tw/wiki/Oldwikirecovery5332.html]
[xiaoshenbike.fandom.com/zh-tw/wiki/Oldwikirecovery/ext.fandom.phalanx.visualEditor.html]
[xiaoshenbike.fandom.com/zh-tw/wiki/Oldwikirecovery/ext.portableInfobox.html]
[xiaoshenbike.fandom.com/zh-tw/wiki/Oldwikirecovery/ext.portableInfobox.runtime.html]
[xiaoshenbike.fandom.com/zh-tw/wiki/Oldwikirecovery/ext.portableInfobox.europaTheme.html]
[xiaoshenbike.fandom.com/zh-tw/wiki/Oldwikirecovery/ext.portableInfobox.europaTheme.runtime.html]
[xiaoshenbike.fandom.com/zh-tw/wiki/Oldwikirecovery/ext.fandom.visualEditor.html]
[xiaoshenbike.fandom.com/zh-tw/wiki/Oldwikirecovery/ext.fandom.visualEditor-2.html]
[xiaoshenbike.fandom.com/zh-tw/wiki/Oldwikirecovery/ext.fandom.FandomVisualEditor.runtime.html]
[xiaoshenbike.fandom.com/zh-tw/loade697.css]
[xiaoshenbike.fandom.com/zh-tw/loadae69.css]
[xiaoshenbike.fandom.com/zh-tw/wiki/李威264b.html]
[xiaoshenbike.fandom.com/zh-tw/wiki/李威d9df.html]
[xiaoshenbike.fandom.com/zh-tw/wiki/討論_李威.html]
[xiaoshenbike.fandom.com/zh-tw/wiki/特殊_上傳1c6a.html]
[xiaoshenbike.fandom.com/zh-tw/wiki/特殊_上傳0cf1.html]
[xiaoshenbike.fandom.com/zh-tw/wiki/特殊_上傳e9ff.html]
[xiaoshenbike.fandom.com/zh-tw/wiki/李威59e4.html]
[xiaoshenbike.fandom.com/zh-tw/wiki/Ext.fandom.UserProfile.html]
[xiaoshenbike.fandom.com/zh-tw/load9de6.css]
[xiaoshenbike.fandom.com/zh-tw/wiki/浅神阁/ext.fandom.FacebookTags.html]
[xiaoshenbike.fandom.com/zh-tw/wiki/浅神阁/ext.fandom.ae.babTracking.html]
[xiaoshenbike.fandom.com/zh-tw/wiki/浅神阁/ext.fandom.ae.consentQueue.html]
[xiaoshenbike.fandom.com/zh-tw/wiki/浅神阁/ext.fandom.AnalyticsEngine.comscore.html]
[xiaoshenbike.fandom.com/zh-tw/wiki/浅神阁/ext.fandom.AnalyticsEngine.quantcast.html]
[xiaoshenbike.fandom.com/zh-tw/wiki/浅神阁/ext.fandom.AffiliateService.html]
[xiaoshenbike.fandom.com/zh-tw/wiki/浅神阁/ext.categorySelect.html]
[xiaoshenbike.fandom.com/zh-tw/wiki/浅神阁/ext.categorySelect-2.html]
[xiaoshenbike.fandom.com/zh-tw/wiki/浅神阁/ext.fandom.bannerNotifications.html]
[xiaoshenbike.fandom.com/zh-tw/wiki/浅神阁/ext.fandom.DesignSystem.html]
[xiaoshenbike.fandom.com/zh-tw/wiki/浅神阁/ext.fandom.DesignSystem.CommunityHeader.html]
[xiaoshenbike.fandom.com/zh-tw/wiki/浅神阁/ext.fandom.HeartbeatTracking.html]
[xiaoshenbike.fandom.com/zh-tw/wiki/浅神阁/ext.fandom.Track.pageview.html]
[xiaoshenbike.fandom.com/zh-tw/wiki/浅神阁/ext.fandom.wikiaBar.html]
[xiaoshenbike.fandom.com/zh-tw/wiki/浅神阁/ext.fandom.wikiaBar-2.html]
[xiaoshenbike.fandom.com/zh-tw/wiki/浅神阁/ext.fandom.ContentReview.legacyLoaders.html]
[xiaoshenbike.fandom.com/zh-tw/wiki/浅神阁/ext.fandom.ContentReview.jsReload.html]
[xiaoshenbike.fandom.com/zh-tw/wiki/浅神阁/ext.fandom.SeoRedlinks.anchors.html]
[xiaoshenbike.fandom.com/zh-tw/wiki/浅神阁/ext.fandom.CreatePage.html]
[xiaoshenbike.fandom.com/zh-tw/wiki/浅神阁/ext.fandom.CreatePageOpenDialog.html]
[xiaoshenbike.fandom.com/zh-tw/wiki/浅神阁/ext.fandom.TimeAgoMessaging.html]
[xiaoshenbike.fandom.com/zh-tw/wiki/浅神阁/ext.fandom.VisitSource.html]
[xiaoshenbike.fandom.com/zh-tw/wiki/浅神阁/ext.fandom.Thumbnails.html]
[xiaoshenbike.fandom.com/zh-tw/wiki/浅神阁/skin.oasis.FanFeed.html]
[xiaoshenbike.fandom.com/zh-tw/wiki/浅神阁/skin.oasis.pageheader.Share.html]
[xiaoshenbike.fandom.com/zh-tw/wiki/浅神阁/ext.fandom.WikiaInYourLang.html]
[xiaoshenbike.fandom.com/zh-tw/wiki/浅神阁/ext.fandom.performanceMonitoring.html]
[xiaoshenbike.fandom.com/zh-tw/wiki/浅神阁/skin.oasis.lazyRail.html]
[xiaoshenbike.fandom.com/zh-tw/wiki/陈子龙内传90bb.html]
[xiaoshenbike.fandom.com/zh-tw/wiki/浅神阁/ext.fandom.ae.babTracking.js]
[xiaoshenbike.fandom.com/zh-tw/wiki/浅神阁/ext.fandom.ae.consentQueue.js]
[xiaoshenbike.fandom.com/zh-tw/wiki/浅神阁/ext.fandom.AffiliateService.js]
[xiaoshenbike.fandom.com/zh-tw/wiki/浅神阁/ext.fandom.bannerNotifications.js]
[xiaoshenbike.fandom.com/zh-tw/wiki/浅神阁/ext.fandom.DesignSystem.js]
[xiaoshenbike.fandom.com/zh-tw/wiki/浅神阁/ext.fandom.DesignSystem.CommunityHeader.js]
[xiaoshenbike.fandom.com/zh-tw/wiki/浅神阁/ext.fandom.HeartbeatTracking.js]
[xiaoshenbike.fandom.com/zh-tw/wiki/浅神阁/ext.fandom.Track.pageview.js]
[xiaoshenbike.fandom.com/zh-tw/wiki/浅神阁/ext.fandom.wikiaBar.css]
[xiaoshenbike.fandom.com/zh-tw/wiki/浅神阁/ext.fandom.wikiaBar.js]
[xiaoshenbike.fandom.com/zh-tw/wiki/浅神阁/ext.fandom.ContentReview.legacyLoaders.js]
[xiaoshenbike.fandom.com/zh-tw/wiki/浅神阁/ext.fandom.ContentReview.jsReload.js]
[xiaoshenbike.fandom.com/zh-tw/wiki/浅神阁/ext.fandom.SeoRedlinks.anchors.js]
[xiaoshenbike.fandom.com/zh-tw/wiki/浅神阁/ext.fandom.CreatePage.js]
[xiaoshenbike.fandom.com/zh-tw/wiki/浅神阁/ext.fandom.CreatePageOpenDialog.js]
[xiaoshenbike.fandom.com/zh-tw/wiki/浅神阁/ext.fandom.TimeAgoMessaging.js]
[xiaoshenbike.fandom.com/zh-tw/wiki/浅神阁/ext.fandom.VisitSource.js]
[xiaoshenbike.fandom.com/zh-tw/wiki/浅神阁/ext.fandom.phalanx.visualEditor.js]
[xiaoshenbike.fandom.com/zh-tw/wiki/浅神阁/ext.fandom.phalanx.visualEditor.js]
[xiaoshenbike.fandom.com/zh-tw/wiki/浅神阁/ext.portableInfobox.css]
[xiaoshenbike.fandom.com/zh-tw/wiki/浅神阁/ext.portableInfobox.css]
[xiaoshenbike.fandom.com/zh-tw/wiki/浅神阁/ext.portableInfobox.runtime.css]
[xiaoshenbike.fandom.com/zh-tw/wiki/浅神阁/ext.portableInfobox.runtime.css]
[xiaoshenbike.fandom.com/zh-tw/wiki/浅神阁/ext.portableInfobox.europaTheme.css]
[xiaoshenbike.fandom.com/zh-tw/wiki/浅神阁/ext.portableInfobox.europaTheme.css]
[xiaoshenbike.fandom.com/zh-tw/wiki/浅神阁/ext.portableInfobox.europaTheme.runtime.css]
[xiaoshenbike.fandom.com/zh-tw/wiki/浅神阁/ext.portableInfobox.europaTheme.runtime.css]
[xiaoshenbike.fandom.com/zh-tw/wiki/浅神阁/ext.fandom.visualEditor.js]
[xiaoshenbike.fandom.com/zh-tw/wiki/浅神阁/ext.fandom.visualEditor.js]
[xiaoshenbike.fandom.com/zh-tw/wiki/浅神阁/ext.fandom.visualEditor.css]
[xiaoshenbike.fandom.com/zh-tw/wiki/浅神阁/ext.fandom.visualEditor.css]
[xiaoshenbike.fandom.com/zh-tw/wiki/浅神阁/ext.fandom.FandomVisualEditor.runtime.css]
[xiaoshenbike.fandom.com/zh-tw/wiki/浅神阁/ext.fandom.FandomVisualEditor.runtime.css]
[xiaoshenbike.fandom.com/zh-tw/wiki/浅神阁/ext.fandom.Thumbnails.js]
[xiaoshenbike.fandom.com/zh-tw/wiki/浅神阁/skin.oasis.pageheader.Share.js]
[xiaoshenbike.fandom.com/zh-tw/wiki/浅神阁/ext.fandom.WikiaInYourLang.js]
[xiaoshenbike.fandom.com/zh-tw/wiki/浅神阁/ext.fandom.performanceMonitoring.js]
[xiaoshenbike.fandom.com/zh-tw/wiki/浅神阁/管理员开示264b.html]
[xiaoshenbike.fandom.com/zh-tw/wiki/浅神阁/ext.fandom.ae.babTracking.js]
[xiaoshenbike.fandom.com/zh-tw/wiki/浅神阁/ext.fandom.ae.consentQueue.js]
[xiaoshenbike.fandom.com/zh-tw/wiki/浅神阁/ext.fandom.AffiliateService.js]
[xiaoshenbike.fandom.com/zh-tw/wiki/浅神阁/ext.fandom.bannerNotifications.js]
[xiaoshenbike.fandom.com/zh-tw/wiki/浅神阁/ext.fandom.DesignSystem.js]
[xiaoshenbike.fandom.com/zh-tw/wiki/浅神阁/ext.fandom.DesignSystem.CommunityHeader.js]
[xiaoshenbike.fandom.com/zh-tw/wiki/浅神阁/ext.fandom.HeartbeatTracking.js]
[xiaoshenbike.fandom.com/zh-tw/wiki/浅神阁/ext.fandom.Track.pageview.js]
[xiaoshenbike.fandom.com/zh-tw/wiki/浅神阁/ext.fandom.wikiaBar.css]
[xiaoshenbike.fandom.com/zh-tw/wiki/浅神阁/ext.fandom.wikiaBar.js]
[xiaoshenbike.fandom.com/zh-tw/wiki/浅神阁/ext.fandom.ContentReview.legacyLoaders.js]
[xiaoshenbike.fandom.com/zh-tw/wiki/浅神阁/ext.fandom.ContentReview.jsReload.js]
[xiaoshenbike.fandom.com/zh-tw/wiki/浅神阁/ext.fandom.SeoRedlinks.anchors.js]
[xiaoshenbike.fandom.com/zh-tw/wiki/浅神阁/ext.fandom.CreatePage.js]
[xiaoshenbike.fandom.com/zh-tw/wiki/浅神阁/ext.fandom.CreatePageOpenDialog.js]
[xiaoshenbike.fandom.com/zh-tw/wiki/浅神阁/ext.fandom.TimeAgoMessaging.js]
[xiaoshenbike.fandom.com/zh-tw/wiki/浅神阁/ext.fandom.VisitSource.js]
[xiaoshenbike.fandom.com/zh-tw/wiki/浅神阁/ext.fandom.Thumbnails.js]
[xiaoshenbike.fandom.com/zh-tw/wiki/浅神阁/skin.oasis.pageheader.Share.js]
[xiaoshenbike.fandom.com/zh-tw/wiki/浅神阁/ext.fandom.WikiaInYourLang.js]
[xiaoshenbike.fandom.com/zh-tw/wiki/浅神阁/ext.fandom.performanceMonitoring.js]
[xiaoshenbike.fandom.com/zh-tw/wiki/浅神阁/管理员开示d9df.html]
[xiaoshenbike.fandom.com/zh-tw/wiki/討論_浅神阁/管理员开示78bb.html]
[xiaoshenbike.fandom.com/zh-tw/wiki/浅神阁/管理员开示007e.html]
[xiaoshenbike.fandom.com/zh-tw/wiki/浅轻/ext.fandom.FacebookTags.html]
[xiaoshenbike.fandom.com/zh-tw/wiki/浅轻/ext.fandom.ae.babTracking.html]
[xiaoshenbike.fandom.com/zh-tw/wiki/浅轻/ext.fandom.ae.consentQueue.html]
[xiaoshenbike.fandom.com/zh-tw/wiki/浅轻/ext.fandom.AnalyticsEngine.comscore.html]
[xiaoshenbike.fandom.com/zh-tw/wiki/浅轻/ext.fandom.AnalyticsEngine.quantcast.html]
[xiaoshenbike.fandom.com/zh-tw/wiki/浅轻/ext.fandom.AffiliateService.html]
[xiaoshenbike.fandom.com/zh-tw/wiki/浅轻/ext.categorySelect.html]
[xiaoshenbike.fandom.com/zh-tw/wiki/浅轻/ext.categorySelect-2.html]
[xiaoshenbike.fandom.com/zh-tw/wiki/浅轻/ext.fandom.bannerNotifications.html]
[xiaoshenbike.fandom.com/zh-tw/wiki/浅轻/ext.fandom.DesignSystem.html]
[xiaoshenbike.fandom.com/zh-tw/wiki/浅轻/ext.fandom.DesignSystem.CommunityHeader.html]
[xiaoshenbike.fandom.com/zh-tw/wiki/浅轻/ext.fandom.HeartbeatTracking.html]
[xiaoshenbike.fandom.com/zh-tw/wiki/浅轻/ext.fandom.Track.pageview.html]
[xiaoshenbike.fandom.com/zh-tw/wiki/浅轻/ext.fandom.wikiaBar.html]
[xiaoshenbike.fandom.com/zh-tw/wiki/浅轻/ext.fandom.wikiaBar-2.html]
[xiaoshenbike.fandom.com/zh-tw/wiki/浅轻/ext.fandom.ContentReview.legacyLoaders.html]
[xiaoshenbike.fandom.com/zh-tw/wiki/浅轻/ext.fandom.ContentReview.jsReload.html]
[xiaoshenbike.fandom.com/zh-tw/wiki/浅轻/ext.fandom.SeoRedlinks.anchors.html]
[xiaoshenbike.fandom.com/zh-tw/wiki/浅轻/ext.fandom.CreatePage.html]
[xiaoshenbike.fandom.com/zh-tw/wiki/浅轻/ext.fandom.CreatePageOpenDialog.html]
[xiaoshenbike.fandom.com/zh-tw/wiki/浅轻/ext.fandom.TimeAgoMessaging.html]
[xiaoshenbike.fandom.com/zh-tw/wiki/浅轻/ext.fandom.VisitSource.html]
[xiaoshenbike.fandom.com/zh-tw/wiki/浅轻/ext.fandom.Thumbnails.html]
[xiaoshenbike.fandom.com/zh-tw/wiki/浅轻/skin.oasis.FanFeed.html]
[xiaoshenbike.fandom.com/zh-tw/wiki/浅轻/skin.oasis.pageheader.Share.html]
[xiaoshenbike.fandom.com/zh-tw/wiki/浅轻/ext.fandom.WikiaInYourLang.html]
[xiaoshenbike.fandom.com/zh-tw/wiki/浅轻/ext.fandom.performanceMonitoring.html]
[xiaoshenbike.fandom.com/zh-tw/wiki/浅轻/skin.oasis.lazyRail.html]
[xiaoshenbike.fandom.com/zh-tw/wiki/浅轻/ext.fandom.ae.babTracking.js]
[xiaoshenbike.fandom.com/zh-tw/wiki/浅轻/ext.fandom.ae.consentQueue.js]
[xiaoshenbike.fandom.com/zh-tw/wiki/浅轻/ext.fandom.AffiliateService.js]
[xiaoshenbike.fandom.com/zh-tw/wiki/浅轻/ext.fandom.bannerNotifications.js]
[xiaoshenbike.fandom.com/zh-tw/wiki/浅轻/ext.fandom.DesignSystem.js]
[xiaoshenbike.fandom.com/zh-tw/wiki/浅轻/ext.fandom.DesignSystem.CommunityHeader.js]
[xiaoshenbike.fandom.com/zh-tw/wiki/浅轻/ext.fandom.HeartbeatTracking.js]
[xiaoshenbike.fandom.com/zh-tw/wiki/浅轻/ext.fandom.Track.pageview.js]
[xiaoshenbike.fandom.com/zh-tw/wiki/浅轻/ext.fandom.wikiaBar.css]
[xiaoshenbike.fandom.com/zh-tw/wiki/浅轻/ext.fandom.wikiaBar.js]
[xiaoshenbike.fandom.com/zh-tw/wiki/浅轻/ext.fandom.ContentReview.legacyLoaders.js]
[xiaoshenbike.fandom.com/zh-tw/wiki/浅轻/ext.fandom.ContentReview.jsReload.js]
[xiaoshenbike.fandom.com/zh-tw/wiki/浅轻/ext.fandom.SeoRedlinks.anchors.js]
[xiaoshenbike.fandom.com/zh-tw/wiki/浅轻/ext.fandom.CreatePage.js]
[xiaoshenbike.fandom.com/zh-tw/wiki/浅轻/ext.fandom.CreatePageOpenDialog.js]
[xiaoshenbike.fandom.com/zh-tw/wiki/浅轻/ext.fandom.TimeAgoMessaging.js]
[xiaoshenbike.fandom.com/zh-tw/wiki/浅轻/ext.fandom.VisitSource.js]
[xiaoshenbike.fandom.com/zh-tw/wiki/浅轻/ext.fandom.phalanx.visualEditor.js]
[xiaoshenbike.fandom.com/zh-tw/wiki/浅轻/ext.fandom.phalanx.visualEditor.js]
[xiaoshenbike.fandom.com/zh-tw/wiki/浅轻/ext.portableInfobox.css]
[xiaoshenbike.fandom.com/zh-tw/wiki/浅轻/ext.portableInfobox.css]
[xiaoshenbike.fandom.com/zh-tw/wiki/浅轻/ext.portableInfobox.runtime.css]
[xiaoshenbike.fandom.com/zh-tw/wiki/浅轻/ext.portableInfobox.runtime.css]
[xiaoshenbike.fandom.com/zh-tw/wiki/浅轻/ext.portableInfobox.europaTheme.css]
[xiaoshenbike.fandom.com/zh-tw/wiki/浅轻/ext.portableInfobox.europaTheme.css]
[xiaoshenbike.fandom.com/zh-tw/wiki/浅轻/ext.portableInfobox.europaTheme.runtime.css]
[xiaoshenbike.fandom.com/zh-tw/wiki/浅轻/ext.portableInfobox.europaTheme.runtime.css]
[xiaoshenbike.fandom.com/zh-tw/wiki/浅轻/ext.fandom.visualEditor.js]
[xiaoshenbike.fandom.com/zh-tw/wiki/浅轻/ext.fandom.visualEditor.js]
[xiaoshenbike.fandom.com/zh-tw/wiki/浅轻/ext.fandom.visualEditor.css]
[xiaoshenbike.fandom.com/zh-tw/wiki/浅轻/ext.fandom.visualEditor.css]
[xiaoshenbike.fandom.com/zh-tw/wiki/浅轻/ext.fandom.FandomVisualEditor.runtime.css]
[xiaoshenbike.fandom.com/zh-tw/wiki/浅轻/ext.fandom.FandomVisualEditor.runtime.css]
[xiaoshenbike.fandom.com/zh-tw/wiki/浅轻/ext.fandom.Thumbnails.js]
[xiaoshenbike.fandom.com/zh-tw/wiki/浅轻/skin.oasis.pageheader.Share.js]
[xiaoshenbike.fandom.com/zh-tw/wiki/浅轻/ext.fandom.WikiaInYourLang.js]
[xiaoshenbike.fandom.com/zh-tw/wiki/浅轻/ext.fandom.performanceMonitoring.js]
[xiaoshenbike.fandom.com/zh-tw/wiki/浅轻/世说新语264b.html]
[xiaoshenbike.fandom.com/zh-tw/wiki/浅轻/ext.fandom.ae.babTracking.js]
[xiaoshenbike.fandom.com/zh-tw/wiki/浅轻/ext.fandom.ae.consentQueue.js]
[xiaoshenbike.fandom.com/zh-tw/wiki/浅轻/ext.fandom.AffiliateService.js]
[xiaoshenbike.fandom.com/zh-tw/wiki/浅轻/ext.fandom.bannerNotifications.js]
[xiaoshenbike.fandom.com/zh-tw/wiki/浅轻/ext.fandom.DesignSystem.js]
[xiaoshenbike.fandom.com/zh-tw/wiki/浅轻/ext.fandom.DesignSystem.CommunityHeader.js]
[xiaoshenbike.fandom.com/zh-tw/wiki/浅轻/ext.fandom.HeartbeatTracking.js]
[xiaoshenbike.fandom.com/zh-tw/wiki/浅轻/ext.fandom.Track.pageview.js]
[xiaoshenbike.fandom.com/zh-tw/wiki/浅轻/ext.fandom.wikiaBar.css]
[xiaoshenbike.fandom.com/zh-tw/wiki/浅轻/ext.fandom.wikiaBar.js]
[xiaoshenbike.fandom.com/zh-tw/wiki/浅轻/ext.fandom.ContentReview.legacyLoaders.js]
[xiaoshenbike.fandom.com/zh-tw/wiki/浅轻/ext.fandom.ContentReview.jsReload.js]
[xiaoshenbike.fandom.com/zh-tw/wiki/浅轻/ext.fandom.SeoRedlinks.anchors.js]
[xiaoshenbike.fandom.com/zh-tw/wiki/浅轻/ext.fandom.CreatePage.js]
[xiaoshenbike.fandom.com/zh-tw/wiki/浅轻/ext.fandom.CreatePageOpenDialog.js]
[xiaoshenbike.fandom.com/zh-tw/wiki/浅轻/ext.fandom.TimeAgoMessaging.js]
[xiaoshenbike.fandom.com/zh-tw/wiki/浅轻/ext.fandom.VisitSource.js]
[xiaoshenbike.fandom.com/zh-tw/wiki/浅轻/ext.fandom.Thumbnails.js]
[xiaoshenbike.fandom.com/zh-tw/wiki/浅轻/skin.oasis.pageheader.Share.js]
[xiaoshenbike.fandom.com/zh-tw/wiki/浅轻/ext.fandom.WikiaInYourLang.js]
[xiaoshenbike.fandom.com/zh-tw/wiki/浅轻/ext.fandom.performanceMonitoring.js]
[xiaoshenbike.fandom.com/zh-tw/wiki/浅轻/世说新语d9df.html]
[xiaoshenbike.fandom.com/zh-tw/wiki/討論_浅轻/世说新语78bb.html]
[xiaoshenbike.fandom.com/zh-tw/wiki/浅轻/世说新语c93a.html]
[xiaoshenbike.fandom.com/zh-tw/load0bd8.css]
[xiaoshenbike.fandom.com/zh-tw/wiki/Doku_欧煦妍264b.html]
[xiaoshenbike.fandom.com/zh-tw/wiki/Doku_欧煦妍d9df.html]
[xiaoshenbike.fandom.com/zh-tw/wiki/討論_Doku_欧煦妍.html]
[xiaoshenbike.fandom.com/zh-tw/wiki/Doku_欧煦妍7469.html]
[xiaoshenbike.fandom.com/zh-tw/loadadac.css]
[xiaoshenbike.fandom.com/zh-tw/wiki/Oldwikirecovery/别样的碰碰车大战264b.html]
[xiaoshenbike.fandom.com/zh-tw/wiki/Oldwikirecovery/别样的碰碰车大战d9df.html]
[xiaoshenbike.fandom.com/zh-tw/wiki/討論_Oldwikirecovery/别样的碰碰车大战.html]
[xiaoshenbike.fandom.com/zh-tw/wiki/特殊_上傳6e62.html]
[xiaoshenbike.fandom.com/zh-tw/wiki/Oldwikirecovery/别样的碰碰车大战afae.html]
[xiaoshenbike.fandom.com/zh-tw/wiki/Oldwikirecovery/我家跨上了信息高速公路264b.html]
[xiaoshenbike.fandom.com/zh-tw/wiki/Oldwikirecovery/我家跨上了信息高速公路d9df.html]
[xiaoshenbike.fandom.com/zh-tw/wiki/討論_Oldwikirecovery/我家跨上了信息高速公路.html]
[xiaoshenbike.fandom.com/zh-tw/wiki/Oldwikirecovery/我家跨上了信息高速公路e3b0.html]
[xiaoshenbike.fandom.com/zh-tw/wiki/Test264b.html]
[xiaoshenbike.fandom.com/zh-tw/wiki/Testd9df.html]
[xiaoshenbike.fandom.com/zh-tw/wiki/討論_Test.html]
[xiaoshenbike.fandom.com/zh-tw/wiki/Test1096.html]
[xiaoshenbike.fandom.com/zh-tw/wiki/Testwiki_首页264b.html]
[xiaoshenbike.fandom.com/zh-tw/wiki/Testwiki_首页d9df.html]
[xiaoshenbike.fandom.com/zh-tw/wiki/討論_Testwiki_首页.html]
[xiaoshenbike.fandom.com/zh-tw/wiki/Testwiki_首页612e.html]
[xiaoshenbike.fandom.com/zh-tw/wiki/乐子264b.html]
[xiaoshenbike.fandom.com/zh-tw/wiki/乐子d9df.html]
[xiaoshenbike.fandom.com/zh-tw/wiki/討論_乐子.html]
[xiaoshenbike.fandom.com/zh-tw/wiki/乐子8e69.html]
[xiaoshenbike.fandom.com/zh-tw/wiki/姜正行264b.html]
[xiaoshenbike.fandom.com/zh-tw/wiki/姜正行d9df.html]
[xiaoshenbike.fandom.com/zh-tw/wiki/討論_姜正行.html]
[xiaoshenbike.fandom.com/zh-tw/wiki/姜正行1291.html]
[xiaoshenbike.fandom.com/zh-tw/wiki/小鬼264b.html]
[xiaoshenbike.fandom.com/zh-tw/wiki/小鬼d9df.html]
[xiaoshenbike.fandom.com/zh-tw/wiki/討論_小鬼.html]
[xiaoshenbike.fandom.com/zh-tw/wiki/小鬼5141.html]
[xiaoshenbike.fandom.com/zh-tw/wiki/文集264b.html]
[xiaoshenbike.fandom.com/zh-tw/wiki/文集d9df.html]
[xiaoshenbike.fandom.com/zh-tw/wiki/討論_文集.html]
[xiaoshenbike.fandom.com/zh-tw/wiki/文集660b.html]
[xiaoshenbike.fandom.com/zh-tw/wiki/浅轻/ext.fandom.ae.babTracking.js]
[xiaoshenbike.fandom.com/zh-tw/wiki/浅轻/ext.fandom.ae.consentQueue.js]
[xiaoshenbike.fandom.com/zh-tw/wiki/浅轻/ext.fandom.AffiliateService.js]
[xiaoshenbike.fandom.com/zh-tw/wiki/浅轻/ext.fandom.bannerNotifications.js]
[xiaoshenbike.fandom.com/zh-tw/wiki/浅轻/ext.fandom.DesignSystem.js]
[xiaoshenbike.fandom.com/zh-tw/wiki/浅轻/ext.fandom.DesignSystem.CommunityHeader.js]
[xiaoshenbike.fandom.com/zh-tw/wiki/浅轻/ext.fandom.HeartbeatTracking.js]
[xiaoshenbike.fandom.com/zh-tw/wiki/浅轻/ext.fandom.Track.pageview.js]
[xiaoshenbike.fandom.com/zh-tw/wiki/浅轻/ext.fandom.wikiaBar.css]
[xiaoshenbike.fandom.com/zh-tw/wiki/浅轻/ext.fandom.wikiaBar.js]
[xiaoshenbike.fandom.com/zh-tw/wiki/浅轻/ext.fandom.ContentReview.legacyLoaders.js]
[xiaoshenbike.fandom.com/zh-tw/wiki/浅轻/ext.fandom.ContentReview.jsReload.js]
[xiaoshenbike.fandom.com/zh-tw/wiki/浅轻/ext.fandom.SeoRedlinks.anchors.js]
[xiaoshenbike.fandom.com/zh-tw/wiki/浅轻/ext.fandom.CreatePage.js]
[xiaoshenbike.fandom.com/zh-tw/wiki/浅轻/ext.fandom.CreatePageOpenDialog.js]
[xiaoshenbike.fandom.com/zh-tw/wiki/浅轻/ext.fandom.TimeAgoMessaging.js]
[xiaoshenbike.fandom.com/zh-tw/wiki/浅轻/ext.fandom.VisitSource.js]
[xiaoshenbike.fandom.com/zh-tw/wiki/浅轻/ext.fandom.Thumbnails.js]
[xiaoshenbike.fandom.com/zh-tw/wiki/浅轻/skin.oasis.pageheader.Share.js]
[xiaoshenbike.fandom.com/zh-tw/wiki/浅轻/ext.fandom.WikiaInYourLang.js]
[xiaoshenbike.fandom.com/zh-tw/wiki/浅轻/ext.fandom.performanceMonitoring.js]
[xiaoshenbike.fandom.com/zh-tw/wiki/浅轻/石锤于小贱补档264b.html]
[xiaoshenbike.fandom.com/zh-tw/wiki/浅轻/ext.fandom.ae.babTracking.js]
[xiaoshenbike.fandom.com/zh-tw/wiki/浅轻/ext.fandom.ae.consentQueue.js]
[xiaoshenbike.fandom.com/zh-tw/wiki/浅轻/ext.fandom.AffiliateService.js]
[xiaoshenbike.fandom.com/zh-tw/wiki/浅轻/ext.fandom.bannerNotifications.js]
[xiaoshenbike.fandom.com/zh-tw/wiki/浅轻/ext.fandom.DesignSystem.js]
[xiaoshenbike.fandom.com/zh-tw/wiki/浅轻/ext.fandom.DesignSystem.CommunityHeader.js]
[xiaoshenbike.fandom.com/zh-tw/wiki/浅轻/ext.fandom.HeartbeatTracking.js]
[xiaoshenbike.fandom.com/zh-tw/wiki/浅轻/ext.fandom.Track.pageview.js]
[xiaoshenbike.fandom.com/zh-tw/wiki/浅轻/ext.fandom.wikiaBar.css]
[xiaoshenbike.fandom.com/zh-tw/wiki/浅轻/ext.fandom.wikiaBar.js]
[xiaoshenbike.fandom.com/zh-tw/wiki/浅轻/ext.fandom.ContentReview.legacyLoaders.js]
[xiaoshenbike.fandom.com/zh-tw/wiki/浅轻/ext.fandom.ContentReview.jsReload.js]
[xiaoshenbike.fandom.com/zh-tw/wiki/浅轻/ext.fandom.SeoRedlinks.anchors.js]
[xiaoshenbike.fandom.com/zh-tw/wiki/浅轻/ext.fandom.CreatePage.js]
[xiaoshenbike.fandom.com/zh-tw/wiki/浅轻/ext.fandom.CreatePageOpenDialog.js]
[xiaoshenbike.fandom.com/zh-tw/wiki/浅轻/ext.fandom.TimeAgoMessaging.js]
[xiaoshenbike.fandom.com/zh-tw/wiki/浅轻/ext.fandom.VisitSource.js]
[xiaoshenbike.fandom.com/zh-tw/wiki/浅轻/ext.fandom.Thumbnails.js]
[xiaoshenbike.fandom.com/zh-tw/wiki/浅轻/skin.oasis.pageheader.Share.js]
[xiaoshenbike.fandom.com/zh-tw/wiki/浅轻/ext.fandom.WikiaInYourLang.js]
[xiaoshenbike.fandom.com/zh-tw/wiki/浅轻/ext.fandom.performanceMonitoring.js]
[xiaoshenbike.fandom.com/zh-tw/wiki/浅轻/石锤于小贱补档d9df.html]
[xiaoshenbike.fandom.com/zh-tw/wiki/討論_浅轻/石锤于小贱补档.html]
[xiaoshenbike.fandom.com/zh-tw/wiki/浅轻/石锤于小贱补档350d.html]
[xiaoshenbike.fandom.com/zh-tw/wiki/硝神百科守则264b.html]
[xiaoshenbike.fandom.com/zh-tw/wiki/硝神百科守则d9df.html]
[xiaoshenbike.fandom.com/zh-tw/wiki/討論_硝神百科守则.html]
[xiaoshenbike.fandom.com/zh-tw/wiki/硝神百科守则cc8d.html]
[xiaoshenbike.fandom.com/zh-tw/wiki/胡力264b.html]
[xiaoshenbike.fandom.com/zh-tw/wiki/胡力d9df.html]
[xiaoshenbike.fandom.com/zh-tw/wiki/討論_胡力.html]
[xiaoshenbike.fandom.com/zh-tw/wiki/胡力0841.html]
[xiaoshenbike.fandom.com/zh-tw/wiki/茂南执法公检法政264b.html]
[xiaoshenbike.fandom.com/zh-tw/wiki/茂南执法公检法政d9df.html]
[xiaoshenbike.fandom.com/zh-tw/wiki/討論_茂南执法公检法政.html]
[xiaoshenbike.fandom.com/zh-tw/wiki/茂南执法公检法政0115.html]
[xiaoshenbike.fandom.com/zh-tw/load3392.css]
[xiaoshenbike.fandom.com/zh-tw/wiki/陈子龙内传264b.html]
[xiaoshenbike.fandom.com/zh-tw/wiki/陈子龙内传d9df.html]
[xiaoshenbike.fandom.com/zh-tw/wiki/討論_陈子龙内传.html]
[xiaoshenbike.fandom.com/zh-tw/wiki/陈子龙内传90bb.html]
[xiaoshenbike.fandom.com/zh-tw/wiki/浅神阁/ext.fandom.phalanx.visualEditor.html]
[xiaoshenbike.fandom.com/zh-tw/wiki/浅神阁/ext.portableInfobox.html]
[xiaoshenbike.fandom.com/zh-tw/wiki/浅神阁/ext.portableInfobox.runtime.html]
[xiaoshenbike.fandom.com/zh-tw/wiki/浅神阁/ext.portableInfobox.europaTheme.html]
[xiaoshenbike.fandom.com/zh-tw/wiki/浅神阁/ext.portableInfobox.europaTheme.runtime.html]
[xiaoshenbike.fandom.com/zh-tw/wiki/浅神阁/ext.fandom.visualEditor.html]
[xiaoshenbike.fandom.com/zh-tw/wiki/浅神阁/ext.fandom.visualEditor-2.html]
[xiaoshenbike.fandom.com/zh-tw/wiki/浅神阁/ext.fandom.FandomVisualEditor.runtime.html]
[xiaoshenbike.fandom.com/zh-tw/wiki/浅轻/ext.fandom.phalanx.visualEditor.html]
[xiaoshenbike.fandom.com/zh-tw/wiki/浅轻/ext.portableInfobox.html]
[xiaoshenbike.fandom.com/zh-tw/wiki/浅轻/ext.portableInfobox.runtime.html]
[xiaoshenbike.fandom.com/zh-tw/wiki/浅轻/ext.portableInfobox.europaTheme.html]
[xiaoshenbike.fandom.com/zh-tw/wiki/浅轻/ext.portableInfobox.europaTheme.runtime.html]
[xiaoshenbike.fandom.com/zh-tw/wiki/浅轻/ext.fandom.visualEditor.html]
[xiaoshenbike.fandom.com/zh-tw/wiki/浅轻/ext.fandom.visualEditor-2.html]
[xiaoshenbike.fandom.com/zh-tw/wiki/浅轻/ext.fandom.FandomVisualEditor.runtime.html]
